<?xml version="1.0" encoding="ISO-8859-1" ?>
<link_info>
   <banner>TI ARM Linker Unix v20.2.2.LTS</banner>
   <copyright>Copyright (c) 1996-2018 Texas Instruments Incorporated</copyright>
   <link_time>0x60575c0d</link_time>
   <link_errors>0x0</link_errors>
   <output_file>uartecho_CC3220S_LAUNCHXL_nortos_ccs.out</output_file>
   <entry_point>
      <name>resetISR</name>
      <address>0x2000f305</address>
   </entry_point>
   <input_file_list>
      <input_file id="fl-1">
         <path>./</path>
         <kind>object</kind>
         <file>main_nortos.obj</file>
         <name>main_nortos.obj</name>
      </input_file>
      <input_file id="fl-2">
         <path>./</path>
         <kind>object</kind>
         <file>uartecho.obj</file>
         <name>uartecho.obj</name>
      </input_file>
      <input_file id="fl-3">
         <path>./syscfg/</path>
         <kind>object</kind>
         <file>ti_drivers_config.obj</file>
         <name>ti_drivers_config.obj</name>
      </input_file>
      <input_file id="fl-c">
         <kind>object</kind>
         <file>&lt;internal&gt;</file>
         <name>&lt;internal&gt;</name>
      </input_file>
      <input_file id="fl-d">
         <path>/Applications/ti/simplelink_cc32xx_sdk_4_40_00_07/source/ti/drivers/lib/ccs/m4/</path>
         <kind>archive</kind>
         <file>drivers_cc32xx.a</file>
         <name>UART.oem4</name>
      </input_file>
      <input_file id="fl-e">
         <path>/Applications/ti/simplelink_cc32xx_sdk_4_40_00_07/source/ti/drivers/lib/ccs/m4/</path>
         <kind>archive</kind>
         <file>drivers_cc32xx.a</file>
         <name>GPIOCC32XX.oem4</name>
      </input_file>
      <input_file id="fl-f">
         <path>/Applications/ti/simplelink_cc32xx_sdk_4_40_00_07/source/ti/drivers/lib/ccs/m4/</path>
         <kind>archive</kind>
         <file>drivers_cc32xx.a</file>
         <name>PowerCC32XX.oem4</name>
      </input_file>
      <input_file id="fl-10">
         <path>/Applications/ti/simplelink_cc32xx_sdk_4_40_00_07/source/ti/drivers/lib/ccs/m4/</path>
         <kind>archive</kind>
         <file>drivers_cc32xx.a</file>
         <name>PowerCC32XX_asm.oem4</name>
      </input_file>
      <input_file id="fl-11">
         <path>/Applications/ti/simplelink_cc32xx_sdk_4_40_00_07/source/ti/drivers/lib/ccs/m4/</path>
         <kind>archive</kind>
         <file>drivers_cc32xx.a</file>
         <name>UARTCC32XX.oem4</name>
      </input_file>
      <input_file id="fl-12">
         <path>/Applications/ti/simplelink_cc32xx_sdk_4_40_00_07/source/ti/drivers/lib/ccs/m4/</path>
         <kind>archive</kind>
         <file>drivers_cc32xx.a</file>
         <name>List.oem4</name>
      </input_file>
      <input_file id="fl-13">
         <path>/Applications/ti/simplelink_cc32xx_sdk_4_40_00_07/source/ti/drivers/lib/ccs/m4/</path>
         <kind>archive</kind>
         <file>drivers_cc32xx.a</file>
         <name>RingBuf.oem4</name>
      </input_file>
      <input_file id="fl-14">
         <path>/Applications/ti/simplelink_cc32xx_sdk_4_40_00_07/kernel/nortos/lib/ccs/m4/</path>
         <kind>archive</kind>
         <file>nortos_cc32xx.a</file>
         <name>NoRTOS.oem4</name>
      </input_file>
      <input_file id="fl-15">
         <path>/Applications/ti/simplelink_cc32xx_sdk_4_40_00_07/kernel/nortos/lib/ccs/m4/</path>
         <kind>archive</kind>
         <file>nortos_cc32xx.a</file>
         <name>SemaphoreP_nortos.oem4</name>
      </input_file>
      <input_file id="fl-16">
         <path>/Applications/ti/simplelink_cc32xx_sdk_4_40_00_07/kernel/nortos/lib/ccs/m4/</path>
         <kind>archive</kind>
         <file>nortos_cc32xx.a</file>
         <name>ClockPSysTick_nortos.oem4</name>
      </input_file>
      <input_file id="fl-17">
         <path>/Applications/ti/simplelink_cc32xx_sdk_4_40_00_07/kernel/nortos/lib/ccs/m4/</path>
         <kind>archive</kind>
         <file>nortos_cc32xx.a</file>
         <name>HwiPCC32XX_nortos.oem4</name>
      </input_file>
      <input_file id="fl-18">
         <path>/Applications/ti/simplelink_cc32xx_sdk_4_40_00_07/kernel/nortos/lib/ccs/m4/</path>
         <kind>archive</kind>
         <file>nortos_cc32xx.a</file>
         <name>PowerCC32XX_nortos.oem4</name>
      </input_file>
      <input_file id="fl-19">
         <path>/Applications/ti/simplelink_cc32xx_sdk_4_40_00_07/kernel/nortos/lib/ccs/m4/</path>
         <kind>archive</kind>
         <file>nortos_cc32xx.a</file>
         <name>startup_cc32xx_ccs.oem4</name>
      </input_file>
      <input_file id="fl-1a">
         <path>/Applications/ti/simplelink_cc32xx_sdk_4_40_00_07/kernel/nortos/lib/ccs/m4/</path>
         <kind>archive</kind>
         <file>nortos_cc32xx.a</file>
         <name>SwiP_nortos.oem4</name>
      </input_file>
      <input_file id="fl-1b">
         <path>/Applications/ti/simplelink_cc32xx_sdk_4_40_00_07/kernel/nortos/lib/ccs/m4/</path>
         <kind>archive</kind>
         <file>nortos_cc32xx.a</file>
         <name>QueueP_nortos.oem4</name>
      </input_file>
      <input_file id="fl-1c">
         <path>/Applications/ti/simplelink_cc32xx_sdk_4_40_00_07/source/ti/devices/cc32xx/driverlib/ccs/Release/</path>
         <kind>archive</kind>
         <file>driverlib.a</file>
         <name>cpu.obj</name>
      </input_file>
      <input_file id="fl-1d">
         <path>/Applications/ti/simplelink_cc32xx_sdk_4_40_00_07/source/ti/devices/cc32xx/driverlib/ccs/Release/</path>
         <kind>archive</kind>
         <file>driverlib.a</file>
         <name>interrupt.obj</name>
      </input_file>
      <input_file id="fl-1e">
         <path>/Applications/ti/simplelink_cc32xx_sdk_4_40_00_07/source/ti/devices/cc32xx/driverlib/ccs/Release/</path>
         <kind>archive</kind>
         <file>driverlib.a</file>
         <name>pin.obj</name>
      </input_file>
      <input_file id="fl-1f">
         <path>/Applications/ti/simplelink_cc32xx_sdk_4_40_00_07/source/ti/devices/cc32xx/driverlib/ccs/Release/</path>
         <kind>archive</kind>
         <file>driverlib.a</file>
         <name>prcm.obj</name>
      </input_file>
      <input_file id="fl-20">
         <path>/Applications/ti/simplelink_cc32xx_sdk_4_40_00_07/source/ti/devices/cc32xx/driverlib/ccs/Release/</path>
         <kind>archive</kind>
         <file>driverlib.a</file>
         <name>uart.obj</name>
      </input_file>
      <input_file id="fl-21">
         <path>/Applications/ti/simplelink_cc32xx_sdk_4_40_00_07/source/ti/devices/cc32xx/driverlib/ccs/Release/</path>
         <kind>archive</kind>
         <file>driverlib.a</file>
         <name>utils.obj</name>
      </input_file>
      <input_file id="fl-22">
         <path>/Applications/ti/simplelink_cc32xx_sdk_4_40_00_07/source/ti/devices/cc32xx/driverlib/ccs/Release/</path>
         <kind>archive</kind>
         <file>driverlib.a</file>
         <name>flash.obj</name>
      </input_file>
      <input_file id="fl-d8">
         <path>/Applications/ti/ccs1020/ccs/tools/compiler/ti-cgt-arm_20.2.2.LTS/lib/</path>
         <kind>archive</kind>
         <file>rtsv7M4_T_le_eabi.lib</file>
         <name>ll_mul_t2.asm.obj</name>
      </input_file>
      <input_file id="fl-d9">
         <path>/Applications/ti/ccs1020/ccs/tools/compiler/ti-cgt-arm_20.2.2.LTS/lib/</path>
         <kind>archive</kind>
         <file>rtsv7M4_T_le_eabi.lib</file>
         <name>memcpy_t2.asm.obj</name>
      </input_file>
      <input_file id="fl-da">
         <path>/Applications/ti/ccs1020/ccs/tools/compiler/ti-cgt-arm_20.2.2.LTS/lib/</path>
         <kind>archive</kind>
         <file>rtsv7M4_T_le_eabi.lib</file>
         <name>ull_div_t2.asm.obj</name>
      </input_file>
      <input_file id="fl-db">
         <path>/Applications/ti/ccs1020/ccs/tools/compiler/ti-cgt-arm_20.2.2.LTS/lib/</path>
         <kind>archive</kind>
         <file>rtsv7M4_T_le_eabi.lib</file>
         <name>copy_zero_init.c.obj</name>
      </input_file>
      <input_file id="fl-dc">
         <path>/Applications/ti/ccs1020/ccs/tools/compiler/ti-cgt-arm_20.2.2.LTS/lib/</path>
         <kind>archive</kind>
         <file>rtsv7M4_T_le_eabi.lib</file>
         <name>copy_decompress_none.c.obj</name>
      </input_file>
      <input_file id="fl-dd">
         <path>/Applications/ti/ccs1020/ccs/tools/compiler/ti-cgt-arm_20.2.2.LTS/lib/</path>
         <kind>archive</kind>
         <file>rtsv7M4_T_le_eabi.lib</file>
         <name>copy_decompress_lzss.c.obj</name>
      </input_file>
      <input_file id="fl-de">
         <path>/Applications/ti/ccs1020/ccs/tools/compiler/ti-cgt-arm_20.2.2.LTS/lib/</path>
         <kind>archive</kind>
         <file>rtsv7M4_T_le_eabi.lib</file>
         <name>memory.c.obj</name>
      </input_file>
      <input_file id="fl-df">
         <path>/Applications/ti/ccs1020/ccs/tools/compiler/ti-cgt-arm_20.2.2.LTS/lib/</path>
         <kind>archive</kind>
         <file>rtsv7M4_T_le_eabi.lib</file>
         <name>boot_cortex_m.c.obj</name>
      </input_file>
      <input_file id="fl-e0">
         <path>/Applications/ti/ccs1020/ccs/tools/compiler/ti-cgt-arm_20.2.2.LTS/lib/</path>
         <kind>archive</kind>
         <file>rtsv7M4_T_le_eabi.lib</file>
         <name>div0.asm.obj</name>
      </input_file>
      <input_file id="fl-e1">
         <path>/Applications/ti/ccs1020/ccs/tools/compiler/ti-cgt-arm_20.2.2.LTS/lib/</path>
         <kind>archive</kind>
         <file>rtsv7M4_T_le_eabi.lib</file>
         <name>memset_t2.asm.obj</name>
      </input_file>
      <input_file id="fl-e2">
         <path>/Applications/ti/ccs1020/ccs/tools/compiler/ti-cgt-arm_20.2.2.LTS/lib/</path>
         <kind>archive</kind>
         <file>rtsv7M4_T_le_eabi.lib</file>
         <name>autoinit.c.obj</name>
      </input_file>
      <input_file id="fl-e3">
         <path>/Applications/ti/ccs1020/ccs/tools/compiler/ti-cgt-arm_20.2.2.LTS/lib/</path>
         <kind>archive</kind>
         <file>rtsv7M4_T_le_eabi.lib</file>
         <name>pre_init.c.obj</name>
      </input_file>
      <input_file id="fl-e4">
         <path>/Applications/ti/ccs1020/ccs/tools/compiler/ti-cgt-arm_20.2.2.LTS/lib/</path>
         <kind>archive</kind>
         <file>rtsv7M4_T_le_eabi.lib</file>
         <name>cpy_tbl.c.obj</name>
      </input_file>
      <input_file id="fl-e5">
         <path>/Applications/ti/ccs1020/ccs/tools/compiler/ti-cgt-arm_20.2.2.LTS/lib/</path>
         <kind>archive</kind>
         <file>rtsv7M4_T_le_eabi.lib</file>
         <name>exit.c.obj</name>
      </input_file>
      <input_file id="fl-e6">
         <path>/Applications/ti/ccs1020/ccs/tools/compiler/ti-cgt-arm_20.2.2.LTS/lib/</path>
         <kind>archive</kind>
         <file>rtsv7M4_T_le_eabi.lib</file>
         <name>_lock.c.obj</name>
      </input_file>
      <input_file id="fl-e7">
         <path>/Applications/ti/ccs1020/ccs/tools/compiler/ti-cgt-arm_20.2.2.LTS/lib/</path>
         <kind>archive</kind>
         <file>rtsv7M4_T_le_eabi.lib</file>
         <name>args_main.c.obj</name>
      </input_file>
   </input_file_list>
   <object_component_list>
      <object_component id="oc-1a9">
         <name>.text:PRCMCC3200MCUInit</name>
         <load_address>0x2000c040</load_address>
         <run_address>0x2000c040</run_address>
         <size>0x42c</size>
         <input_file_ref idref="fl-1f"/>
      </object_component>
      <object_component id="oc-4d6">
         <name>.text:UARTCC32XX_open</name>
         <load_address>0x2000c46c</load_address>
         <run_address>0x2000c46c</run_address>
         <size>0x288</size>
         <input_file_ref idref="fl-11"/>
      </object_component>
      <object_component id="oc-1c9">
         <name>.text:GPIO_setConfig</name>
         <load_address>0x2000c6f4</load_address>
         <run_address>0x2000c6f4</run_address>
         <size>0x1e4</size>
         <input_file_ref idref="fl-e"/>
      </object_component>
      <object_component id="oc-35e">
         <name>.text:PowerCC32XX_sleepPolicy</name>
         <load_address>0x2000c8d8</load_address>
         <run_address>0x2000c8d8</run_address>
         <size>0x19c</size>
         <input_file_ref idref="fl-18"/>
      </object_component>
      <object_component id="oc-540">
         <name>.text:parkPins</name>
         <load_address>0x2000ca74</load_address>
         <run_address>0x2000ca74</run_address>
         <size>0x148</size>
         <input_file_ref idref="fl-f"/>
      </object_component>
      <object_component id="oc-464">
         <name>.text:Power_sleep</name>
         <load_address>0x2000cbbc</load_address>
         <run_address>0x2000cbbc</run_address>
         <size>0x138</size>
         <input_file_ref idref="fl-f"/>
      </object_component>
      <object_component id="oc-15e">
         <name>.text:mainThread</name>
         <load_address>0x2000ccf4</load_address>
         <run_address>0x2000ccf4</run_address>
         <size>0x12c</size>
         <input_file_ref idref="fl-2"/>
      </object_component>
      <object_component id="oc-4c4">
         <name>.text:UARTCC32XX_close</name>
         <load_address>0x2000ce20</load_address>
         <run_address>0x2000ce20</run_address>
         <size>0x120</size>
         <input_file_ref idref="fl-11"/>
      </object_component>
      <object_component id="oc-508">
         <name>.text:aligned_alloc</name>
         <load_address>0x2000cf40</load_address>
         <run_address>0x2000cf40</run_address>
         <size>0x100</size>
         <input_file_ref idref="fl-de"/>
      </object_component>
      <object_component id="oc-4ca">
         <name>.text:UARTCC32XX_control</name>
         <load_address>0x2000d040</load_address>
         <run_address>0x2000d040</run_address>
         <size>0xf2</size>
         <input_file_ref idref="fl-11"/>
      </object_component>
      <object_component id="oc-1b5">
         <name>.text:Board_initHook</name>
         <load_address>0x2000d132</load_address>
         <run_address>0x2000d132</run_address>
         <size>0x2</size>
         <input_file_ref idref="fl-3"/>
      </object_component>
      <object_component id="oc-37a">
         <name>.text:free</name>
         <load_address>0x2000d134</load_address>
         <run_address>0x2000d134</run_address>
         <size>0xe4</size>
         <input_file_ref idref="fl-de"/>
      </object_component>
      <object_component id="oc-4ee">
         <name>.text:UARTCC32XX_write</name>
         <load_address>0x2000d218</load_address>
         <run_address>0x2000d218</run_address>
         <size>0xca</size>
         <input_file_ref idref="fl-11"/>
      </object_component>
      <object_component id="oc-358">
         <name>.text:PowerCC32XX_initPolicy</name>
         <load_address>0x2000d2e2</load_address>
         <run_address>0x2000d2e2</run_address>
         <size>0x2</size>
         <input_file_ref idref="fl-18"/>
      </object_component>
      <object_component id="oc-1bd">
         <name>.text:GPIO_init</name>
         <load_address>0x2000d2e4</load_address>
         <run_address>0x2000d2e4</run_address>
         <size>0xc4</size>
         <input_file_ref idref="fl-e"/>
      </object_component>
      <object_component id="oc-55d">
         <name>.text:restoreParkedPins</name>
         <load_address>0x2000d3a8</load_address>
         <run_address>0x2000d3a8</run_address>
         <size>0xc0</size>
         <input_file_ref idref="fl-f"/>
      </object_component>
      <object_component id="oc-4e2">
         <name>.text:UARTCC32XX_readPolling</name>
         <load_address>0x2000d468</load_address>
         <run_address>0x2000d468</run_address>
         <size>0xba</size>
         <input_file_ref idref="fl-11"/>
      </object_component>
      <object_component id="oc-4d0">
         <name>.text:UARTCC32XX_init</name>
         <load_address>0x2000d522</load_address>
         <run_address>0x2000d522</run_address>
         <size>0x2</size>
         <input_file_ref idref="fl-11"/>
      </object_component>
      <object_component id="oc-5ea">
         <name>.text:initHw</name>
         <load_address>0x2000d524</load_address>
         <run_address>0x2000d524</run_address>
         <size>0xb8</size>
         <input_file_ref idref="fl-11"/>
      </object_component>
      <object_component id="oc-6d0">
         <name>.text:readTaskCallback</name>
         <load_address>0x2000d5dc</load_address>
         <run_address>0x2000d5dc</run_address>
         <size>0xb6</size>
         <input_file_ref idref="fl-11"/>
      </object_component>
      <object_component id="oc-6be">
         <name>.text:readTaskBlocking</name>
         <load_address>0x2000d692</load_address>
         <run_address>0x2000d692</run_address>
         <size>0xb0</size>
         <input_file_ref idref="fl-11"/>
      </object_component>
      <object_component id="oc-6c4">
         <name>.text:readIsrTextBlocking</name>
         <load_address>0x2000d742</load_address>
         <run_address>0x2000d742</run_address>
         <size>0xae</size>
         <input_file_ref idref="fl-11"/>
      </object_component>
      <object_component id="oc-b5">
         <name>.text:IntEnable</name>
         <load_address>0x2000d7f0</load_address>
         <run_address>0x2000d7f0</run_address>
         <size>0xa8</size>
         <input_file_ref idref="fl-1d"/>
      </object_component>
      <object_component id="oc-278">
         <name>.text:PowerCC32XX_configureWakeup</name>
         <load_address>0x2000d898</load_address>
         <run_address>0x2000d898</run_address>
         <size>0xa8</size>
         <input_file_ref idref="fl-f"/>
      </object_component>
      <object_component id="oc-6d6">
         <name>.text:readIsrTextCallback</name>
         <load_address>0x2000d940</load_address>
         <run_address>0x2000d940</run_address>
         <size>0xa2</size>
         <input_file_ref idref="fl-11"/>
      </object_component>
      <object_component id="oc-621">
         <name>.text:writeData</name>
         <load_address>0x2000d9e2</load_address>
         <run_address>0x2000d9e2</run_address>
         <size>0xa2</size>
         <input_file_ref idref="fl-11"/>
      </object_component>
      <object_component id="oc-29e">
         <name>.text:SemaphoreP_pend</name>
         <load_address>0x2000da84</load_address>
         <run_address>0x2000da84</run_address>
         <size>0xa0</size>
         <input_file_ref idref="fl-15"/>
      </object_component>
      <object_component id="oc-3b">
         <name>.text</name>
         <load_address>0x2000db24</load_address>
         <run_address>0x2000db24</run_address>
         <size>0x9c</size>
         <input_file_ref idref="fl-d9"/>
      </object_component>
      <object_component id="oc-2c0">
         <name>.text:powerNotifyFxn</name>
         <load_address>0x2000dbc0</load_address>
         <run_address>0x2000dbc0</run_address>
         <size>0x98</size>
         <input_file_ref idref="fl-e"/>
      </object_component>
      <object_component id="oc-45f">
         <name>.text</name>
         <load_address>0x2000dc58</load_address>
         <run_address>0x2000dc58</run_address>
         <size>0x96</size>
         <input_file_ref idref="fl-da"/>
      </object_component>
      <object_component id="oc-320">
         <name>.text:_nop</name>
         <load_address>0x2000dcee</load_address>
         <run_address>0x2000dcee</run_address>
         <size>0x2</size>
         <input_file_ref idref="fl-e6"/>
      </object_component>
      <object_component id="oc-551">
         <name>.text:restoreNVICRegs</name>
         <load_address>0x2000dcf0</load_address>
         <run_address>0x2000dcf0</run_address>
         <size>0x90</size>
         <input_file_ref idref="fl-f"/>
      </object_component>
      <object_component id="oc-3ef">
         <name>.text:HwiP_construct</name>
         <load_address>0x2000dd80</load_address>
         <run_address>0x2000dd80</run_address>
         <size>0x8c</size>
         <input_file_ref idref="fl-17"/>
      </object_component>
      <object_component id="oc-680">
         <name>.text:IntPendSet</name>
         <load_address>0x2000de0c</load_address>
         <run_address>0x2000de0c</run_address>
         <size>0x88</size>
         <input_file_ref idref="fl-1d"/>
      </object_component>
      <object_component id="oc-2d4">
         <name>.text:PinConfigSet</name>
         <load_address>0x2000de94</load_address>
         <run_address>0x2000de94</run_address>
         <size>0x88</size>
         <input_file_ref idref="fl-1e"/>
      </object_component>
      <object_component id="oc-1af">
         <name>.text:Power_init</name>
         <load_address>0x2000df1c</load_address>
         <run_address>0x2000df1c</run_address>
         <size>0x84</size>
         <input_file_ref idref="fl-f"/>
      </object_component>
      <object_component id="oc-546">
         <name>.text:saveNVICRegs</name>
         <load_address>0x2000dfa0</load_address>
         <run_address>0x2000dfa0</run_address>
         <size>0x84</size>
         <input_file_ref idref="fl-f"/>
      </object_component>
      <object_component id="oc-2da">
         <name>.text:Power_setDependency</name>
         <load_address>0x2000e024</load_address>
         <run_address>0x2000e024</run_address>
         <size>0x80</size>
         <input_file_ref idref="fl-f"/>
      </object_component>
      <object_component id="oc-6b8">
         <name>.text:readIsrBinaryBlocking</name>
         <load_address>0x2000e0a4</load_address>
         <run_address>0x2000e0a4</run_address>
         <size>0x7c</size>
         <input_file_ref idref="fl-11"/>
      </object_component>
      <object_component id="oc-2fe">
         <name>.text:GPIO_hwiIntFxn</name>
         <load_address>0x2000e120</load_address>
         <run_address>0x2000e120</run_address>
         <size>0x78</size>
         <input_file_ref idref="fl-e"/>
      </object_component>
      <object_component id="oc-6ca">
         <name>.text:readIsrBinaryCallback</name>
         <load_address>0x2000e198</load_address>
         <run_address>0x2000e198</run_address>
         <size>0x78</size>
         <input_file_ref idref="fl-11"/>
      </object_component>
      <object_component id="oc-5f9">
         <name>.text:UARTCC32XX_hwiIntFxn</name>
         <load_address>0x2000e210</load_address>
         <run_address>0x2000e210</run_address>
         <size>0x74</size>
         <input_file_ref idref="fl-11"/>
      </object_component>
      <object_component id="oc-62e">
         <name>.text:split</name>
         <load_address>0x2000e284</load_address>
         <run_address>0x2000e284</run_address>
         <size>0x70</size>
         <input_file_ref idref="fl-de"/>
      </object_component>
      <object_component id="oc-14">
         <name>.text:decompress:lzss:__TI_decompress_lzss</name>
         <load_address>0x2000e2f4</load_address>
         <run_address>0x2000e2f4</run_address>
         <size>0x68</size>
         <input_file_ref idref="fl-dd"/>
      </object_component>
      <object_component id="oc-4fa">
         <name>.text:UARTCC32XX_writeCancel</name>
         <load_address>0x2000e35c</load_address>
         <run_address>0x2000e35c</run_address>
         <size>0x66</size>
         <input_file_ref idref="fl-11"/>
      </object_component>
      <object_component id="oc-73">
         <name>.text:busFaultHandler</name>
         <load_address>0x2000e3c2</load_address>
         <run_address>0x2000e3c2</run_address>
         <size>0x2</size>
         <input_file_ref idref="fl-19"/>
      </object_component>
      <object_component id="oc-3ca">
         <name>.text:PowerCC32XX_setParkState</name>
         <load_address>0x2000e3c4</load_address>
         <run_address>0x2000e3c4</run_address>
         <size>0x64</size>
         <input_file_ref idref="fl-f"/>
      </object_component>
      <object_component id="oc-4f4">
         <name>.text:UARTCC32XX_writePolling</name>
         <load_address>0x2000e428</load_address>
         <run_address>0x2000e428</run_address>
         <size>0x62</size>
         <input_file_ref idref="fl-11"/>
      </object_component>
      <object_component id="oc-39f">
         <name>.text:clkFxn</name>
         <load_address>0x2000e48a</load_address>
         <run_address>0x2000e48a</run_address>
         <size>0x2</size>
         <input_file_ref idref="fl-15"/>
      </object_component>
      <object_component id="oc-246">
         <name>.text:PRCMSysResetCauseGet</name>
         <load_address>0x2000e48c</load_address>
         <run_address>0x2000e48c</run_address>
         <size>0x60</size>
         <input_file_ref idref="fl-1f"/>
      </object_component>
      <object_component id="oc-2a4">
         <name>.text:GPIO_setCallback</name>
         <load_address>0x2000e4ec</load_address>
         <run_address>0x2000e4ec</run_address>
         <size>0x5c</size>
         <input_file_ref idref="fl-e"/>
      </object_component>
      <object_component id="oc-646">
         <name>.text:sysTickInit</name>
         <load_address>0x2000e548</load_address>
         <run_address>0x2000e548</run_address>
         <size>0x5c</size>
         <input_file_ref idref="fl-16"/>
      </object_component>
      <object_component id="oc-1e7">
         <name>.text:GPIO_write</name>
         <load_address>0x2000e5a4</load_address>
         <run_address>0x2000e5a4</run_address>
         <size>0x58</size>
         <input_file_ref idref="fl-e"/>
      </object_component>
      <object_component id="oc-25f">
         <name>.text:PRCMPeripheralReset</name>
         <load_address>0x2000e5fc</load_address>
         <run_address>0x2000e5fc</run_address>
         <size>0x58</size>
         <input_file_ref idref="fl-1f"/>
      </object_component>
      <object_component id="oc-5a5">
         <name>.text:Power_releaseDependency</name>
         <load_address>0x2000e654</load_address>
         <run_address>0x2000e654</run_address>
         <size>0x58</size>
         <input_file_ref idref="fl-f"/>
      </object_component>
      <object_component id="oc-71e">
         <name>.text:ringBufGet</name>
         <load_address>0x2000e6ac</load_address>
         <run_address>0x2000e6ac</run_address>
         <size>0x54</size>
         <input_file_ref idref="fl-11"/>
      </object_component>
      <object_component id="oc-65d">
         <name>.text:PowerCC32XX_resumeLPDS</name>
         <load_address>0x2000e700</load_address>
         <run_address>0x2000e700</run_address>
         <size>0x52</size>
         <input_file_ref idref="fl-10"/>
      </object_component>
      <object_component id="oc-6d">
         <name>.text:defaultHandler</name>
         <load_address>0x2000e752</load_address>
         <run_address>0x2000e752</run_address>
         <size>0x2</size>
         <input_file_ref idref="fl-19"/>
      </object_component>
      <object_component id="oc-79">
         <name>.text:ClockP_sysTickHandler</name>
         <load_address>0x2000e754</load_address>
         <run_address>0x2000e754</run_address>
         <size>0x50</size>
         <input_file_ref idref="fl-16"/>
      </object_component>
      <object_component id="oc-485">
         <name>.text:SemaphoreP_construct</name>
         <load_address>0x2000e7a4</load_address>
         <run_address>0x2000e7a4</run_address>
         <size>0x50</size>
         <input_file_ref idref="fl-15"/>
      </object_component>
      <object_component id="oc-3d0">
         <name>.text:GPIO_enableInt</name>
         <load_address>0x2000e7f4</load_address>
         <run_address>0x2000e7f4</run_address>
         <size>0x4c</size>
         <input_file_ref idref="fl-e"/>
      </object_component>
      <object_component id="oc-654">
         <name>.text:PowerCC32XX_parkPin</name>
         <load_address>0x2000e840</load_address>
         <run_address>0x2000e840</run_address>
         <size>0x4c</size>
         <input_file_ref idref="fl-f"/>
      </object_component>
      <object_component id="oc-557">
         <name>.text:restorePeriphClocks</name>
         <load_address>0x2000e88c</load_address>
         <run_address>0x2000e88c</run_address>
         <size>0x4c</size>
         <input_file_ref idref="fl-f"/>
      </object_component>
      <object_component id="oc-678">
         <name>.text:FlashDisable</name>
         <load_address>0x2000e8d8</load_address>
         <run_address>0x2000e8d8</run_address>
         <size>0x48</size>
         <input_file_ref idref="fl-22"/>
      </object_component>
      <object_component id="oc-563">
         <name>.text:PRCMLPDSEnter</name>
         <load_address>0x2000e920</load_address>
         <run_address>0x2000e920</run_address>
         <size>0x48</size>
         <input_file_ref idref="fl-1f"/>
      </object_component>
      <object_component id="oc-259">
         <name>.text:PRCMPeripheralClkEnable</name>
         <load_address>0x2000e968</load_address>
         <run_address>0x2000e968</run_address>
         <size>0x48</size>
         <input_file_ref idref="fl-1f"/>
      </object_component>
      <object_component id="oc-599">
         <name>.text:Power_releaseConstraint</name>
         <load_address>0x2000e9b0</load_address>
         <run_address>0x2000e9b0</run_address>
         <size>0x48</size>
         <input_file_ref idref="fl-f"/>
      </object_component>
      <object_component id="oc-70b">
         <name>.text:RingBuf_put</name>
         <load_address>0x2000e9f8</load_address>
         <run_address>0x2000e9f8</run_address>
         <size>0x46</size>
         <input_file_ref idref="fl-13"/>
      </object_component>
      <object_component id="oc-67">
         <name>.text:faultISR</name>
         <load_address>0x2000ea3e</load_address>
         <run_address>0x2000ea3e</run_address>
         <size>0x2</size>
         <input_file_ref idref="fl-19"/>
      </object_component>
      <object_component id="oc-4ad">
         <name>.text:ClockP_stop</name>
         <load_address>0x2000ea40</load_address>
         <run_address>0x2000ea40</run_address>
         <size>0x44</size>
         <input_file_ref idref="fl-16"/>
      </object_component>
      <object_component id="oc-662">
         <name>.text:PRCMLPDSRestoreInfoSet</name>
         <load_address>0x2000ea84</load_address>
         <run_address>0x2000ea84</run_address>
         <size>0x44</size>
         <input_file_ref idref="fl-1f"/>
      </object_component>
      <object_component id="oc-54c">
         <name>.text:PowerCC32XX_enterLPDS</name>
         <load_address>0x2000eac8</load_address>
         <run_address>0x2000eac8</run_address>
         <size>0x44</size>
         <input_file_ref idref="fl-10"/>
      </object_component>
      <object_component id="oc-2b0">
         <name>.text:SemaphoreP_post</name>
         <load_address>0x2000eb0c</load_address>
         <run_address>0x2000eb0c</run_address>
         <size>0x44</size>
         <input_file_ref idref="fl-15"/>
      </object_component>
      <object_component id="oc-475">
         <name>.text:SwiP_restore</name>
         <load_address>0x2000eb50</load_address>
         <run_address>0x2000eb50</run_address>
         <size>0x44</size>
         <input_file_ref idref="fl-1a"/>
      </object_component>
      <object_component id="oc-1c3">
         <name>.text:UART_init</name>
         <load_address>0x2000eb94</load_address>
         <run_address>0x2000eb94</run_address>
         <size>0x44</size>
         <input_file_ref idref="fl-d"/>
      </object_component>
      <object_component id="oc-171">
         <name>.text:__TI_auto_init_nobinit_nopinit:__TI_auto_init_nobinit_nopinit</name>
         <load_address>0x2000ebd8</load_address>
         <run_address>0x2000ebd8</run_address>
         <size>0x44</size>
         <input_file_ref idref="fl-e2"/>
      </object_component>
      <object_component id="oc-6a7">
         <name>.text:ClockP_construct</name>
         <load_address>0x2000ec1c</load_address>
         <run_address>0x2000ec1c</run_address>
         <size>0x40</size>
         <input_file_ref idref="fl-16"/>
      </object_component>
      <object_component id="oc-271">
         <name>.text:PinModeSet</name>
         <load_address>0x2000ec5c</load_address>
         <run_address>0x2000ec5c</run_address>
         <size>0x40</size>
         <input_file_ref idref="fl-1e"/>
      </object_component>
      <object_component id="oc-613">
         <name>.text:RingBuf_get</name>
         <load_address>0x2000ec9c</load_address>
         <run_address>0x2000ec9c</run_address>
         <size>0x40</size>
         <input_file_ref idref="fl-13"/>
      </object_component>
      <object_component id="oc-4dc">
         <name>.text:UARTCC32XX_read</name>
         <load_address>0x2000ecdc</load_address>
         <run_address>0x2000ecdc</run_address>
         <size>0x40</size>
         <input_file_ref idref="fl-11"/>
      </object_component>
      <object_component id="oc-1d5">
         <name>.text:UART_open</name>
         <load_address>0x2000ed1c</load_address>
         <run_address>0x2000ed1c</run_address>
         <size>0x40</size>
         <input_file_ref idref="fl-d"/>
      </object_component>
      <object_component id="oc-399">
         <name>.text:ClockP_destruct</name>
         <load_address>0x2000ed5c</load_address>
         <run_address>0x2000ed5c</run_address>
         <size>0x3c</size>
         <input_file_ref idref="fl-16"/>
      </object_component>
      <object_component id="oc-5be">
         <name>.text:Power_setConstraint</name>
         <load_address>0x2000ed98</load_address>
         <run_address>0x2000ed98</run_address>
         <size>0x3c</size>
         <input_file_ref idref="fl-f"/>
      </object_component>
      <object_component id="oc-459">
         <name>.text:getCountsRTC</name>
         <load_address>0x2000edd4</load_address>
         <run_address>0x2000edd4</run_address>
         <size>0x3a</size>
         <input_file_ref idref="fl-18"/>
      </object_component>
      <object_component id="oc-61">
         <name>.text:nmiISR</name>
         <load_address>0x2000ee0e</load_address>
         <run_address>0x2000ee0e</run_address>
         <size>0x2</size>
         <input_file_ref idref="fl-19"/>
      </object_component>
      <object_component id="oc-569">
         <name>.text:PRCMLPDSEnterKeepDebugIf</name>
         <load_address>0x2000ee10</load_address>
         <run_address>0x2000ee10</run_address>
         <size>0x38</size>
         <input_file_ref idref="fl-1f"/>
      </object_component>
      <object_component id="oc-db">
         <name>.text:addToList</name>
         <load_address>0x2000ee48</load_address>
         <run_address>0x2000ee48</run_address>
         <size>0x38</size>
         <input_file_ref idref="fl-16"/>
      </object_component>
      <object_component id="oc-59">
         <name>.text:initVectors</name>
         <load_address>0x2000ee80</load_address>
         <run_address>0x2000ee80</run_address>
         <size>0x38</size>
         <input_file_ref idref="fl-19"/>
      </object_component>
      <object_component id="oc-53a">
         <name>.text:notify</name>
         <load_address>0x2000eeb8</load_address>
         <run_address>0x2000eeb8</run_address>
         <size>0x38</size>
         <input_file_ref idref="fl-f"/>
      </object_component>
      <object_component id="oc-4e8">
         <name>.text:UARTCC32XX_readCancel</name>
         <load_address>0x2000eef0</load_address>
         <run_address>0x2000eef0</run_address>
         <size>0x36</size>
         <input_file_ref idref="fl-11"/>
      </object_component>
      <object_component id="oc-534">
         <name>.text</name>
         <load_address>0x2000ef26</load_address>
         <run_address>0x2000ef26</run_address>
         <size>0x2</size>
         <input_file_ref idref="fl-e0"/>
      </object_component>
      <object_component id="oc-447">
         <name>.text:ClockP_getTicksUntilInterrupt</name>
         <load_address>0x2000ef28</load_address>
         <run_address>0x2000ef28</run_address>
         <size>0x34</size>
         <input_file_ref idref="fl-16"/>
      </object_component>
      <object_component id="oc-52b">
         <name>.text:ClockP_startup</name>
         <load_address>0x2000ef5c</load_address>
         <run_address>0x2000ef5c</run_address>
         <size>0x34</size>
         <input_file_ref idref="fl-16"/>
      </object_component>
      <object_component id="oc-26b">
         <name>.text:PinModeGet</name>
         <load_address>0x2000ef90</load_address>
         <run_address>0x2000ef90</run_address>
         <size>0x34</size>
         <input_file_ref idref="fl-1e"/>
      </object_component>
      <object_component id="oc-5ab">
         <name>.text:PowerCC32XX_restoreParkState</name>
         <load_address>0x2000efc4</load_address>
         <run_address>0x2000efc4</run_address>
         <size>0x34</size>
         <input_file_ref idref="fl-f"/>
      </object_component>
      <object_component id="oc-387">
         <name>.text:ClockP_start</name>
         <load_address>0x2000eff8</load_address>
         <run_address>0x2000eff8</run_address>
         <size>0x30</size>
         <input_file_ref idref="fl-16"/>
      </object_component>
      <object_component id="oc-671">
         <name>.text:PowerCC32XX_restoreParkedPin</name>
         <load_address>0x2000f028</load_address>
         <run_address>0x2000f028</run_address>
         <size>0x30</size>
         <input_file_ref idref="fl-f"/>
      </object_component>
      <object_component id="oc-5d8">
         <name>.text:PowerCC32XX_getParkState</name>
         <load_address>0x2000f058</load_address>
         <run_address>0x2000f058</run_address>
         <size>0x2c</size>
         <input_file_ref idref="fl-f"/>
      </object_component>
      <object_component id="oc-2e6">
         <name>.text:HwiP_create</name>
         <load_address>0x2000f084</load_address>
         <run_address>0x2000f084</run_address>
         <size>0x2a</size>
         <input_file_ref idref="fl-17"/>
      </object_component>
      <object_component id="oc-265">
         <name>.text:PRCMPeripheralClkDisable</name>
         <load_address>0x2000f0b0</load_address>
         <run_address>0x2000f0b0</run_address>
         <size>0x28</size>
         <input_file_ref idref="fl-1f"/>
      </object_component>
      <object_component id="oc-2aa">
         <name>.text:Power_registerNotify</name>
         <load_address>0x2000f0d8</load_address>
         <run_address>0x2000f0d8</run_address>
         <size>0x28</size>
         <input_file_ref idref="fl-f"/>
      </object_component>
      <object_component id="oc-4a5">
         <name>.text:free_list_insert</name>
         <load_address>0x2000f100</load_address>
         <run_address>0x2000f100</run_address>
         <size>0x28</size>
         <input_file_ref idref="fl-de"/>
      </object_component>
      <object_component id="oc-3aa">
         <name>.text:List_put</name>
         <load_address>0x2000f128</load_address>
         <run_address>0x2000f128</run_address>
         <size>0x26</size>
         <input_file_ref idref="fl-12"/>
      </object_component>
      <object_component id="oc-695">
         <name>.text:List_remove</name>
         <load_address>0x2000f14e</load_address>
         <run_address>0x2000f14e</run_address>
         <size>0x26</size>
         <input_file_ref idref="fl-12"/>
      </object_component>
      <object_component id="oc-512">
         <name>.text:HwiP_dispatch</name>
         <load_address>0x2000f174</load_address>
         <run_address>0x2000f174</run_address>
         <size>0x24</size>
         <input_file_ref idref="fl-17"/>
      </object_component>
      <object_component id="oc-5d2">
         <name>.text:PowerCC32XX_reset</name>
         <load_address>0x2000f198</load_address>
         <run_address>0x2000f198</run_address>
         <size>0x24</size>
         <input_file_ref idref="fl-f"/>
      </object_component>
      <object_component id="oc-c5">
         <name>.text:_c_int00_noargs:_c_int00_noargs</name>
         <load_address>0x2000f1bc</load_address>
         <run_address>0x2000f1bc</run_address>
         <size>0x24</size>
         <input_file_ref idref="fl-df"/>
      </object_component>
      <object_component id="oc-68c">
         <name>.text:HwiP_destruct</name>
         <load_address>0x2000f1e0</load_address>
         <run_address>0x2000f1e0</run_address>
         <size>0x20</size>
         <input_file_ref idref="fl-17"/>
      </object_component>
      <object_component id="oc-59f">
         <name>.text:Power_unregisterNotify</name>
         <load_address>0x2000f200</load_address>
         <run_address>0x2000f200</run_address>
         <size>0x20</size>
         <input_file_ref idref="fl-f"/>
      </object_component>
      <object_component id="oc-5b8">
         <name>.text:RingBuf_peek</name>
         <load_address>0x2000f220</load_address>
         <run_address>0x2000f220</run_address>
         <size>0x20</size>
         <input_file_ref idref="fl-13"/>
      </object_component>
      <object_component id="oc-5cc">
         <name>.text:getPowerMgrId</name>
         <load_address>0x2000f240</load_address>
         <run_address>0x2000f240</run_address>
         <size>0x20</size>
         <input_file_ref idref="fl-11"/>
      </object_component>
      <object_component id="oc-5b1">
         <name>.text:PinToPadGet</name>
         <load_address>0x2000f260</load_address>
         <run_address>0x2000f260</run_address>
         <size>0x1c</size>
         <input_file_ref idref="fl-1e"/>
      </object_component>
      <object_component id="oc-43b">
         <name>.text:SwiP_disable</name>
         <load_address>0x2000f27c</load_address>
         <run_address>0x2000f27c</run_address>
         <size>0x1c</size>
         <input_file_ref idref="fl-1a"/>
      </object_component>
      <object_component id="oc-47">
         <name>.text:decompress:ZI:__TI_zero_init_nomemset:__TI_zero_init_nomemset</name>
         <load_address>0x2000f298</load_address>
         <run_address>0x2000f298</run_address>
         <size>0x1c</size>
         <input_file_ref idref="fl-db"/>
      </object_component>
      <object_component id="oc-49f">
         <name>.text:free_list_remove</name>
         <load_address>0x2000f2b4</load_address>
         <run_address>0x2000f2b4</run_address>
         <size>0x1c</size>
         <input_file_ref idref="fl-de"/>
      </object_component>
      <object_component id="oc-5e4">
         <name>.text:ClockP_create</name>
         <load_address>0x2000f2d0</load_address>
         <run_address>0x2000f2d0</run_address>
         <size>0x1a</size>
         <input_file_ref idref="fl-16"/>
      </object_component>
      <object_component id="oc-286">
         <name>.text:SemaphoreP_createBinary</name>
         <load_address>0x2000f2ea</load_address>
         <run_address>0x2000f2ea</run_address>
         <size>0x1a</size>
         <input_file_ref idref="fl-15"/>
      </object_component>
      <object_component id="oc-21">
         <name>.text:resetISR</name>
         <load_address>0x2000f304</load_address>
         <run_address>0x2000f304</run_address>
         <size>0x1a</size>
         <input_file_ref idref="fl-19"/>
      </object_component>
      <object_component id="oc-44d">
         <name>.text:Power_getTransitionLatency</name>
         <load_address>0x2000f320</load_address>
         <run_address>0x2000f320</run_address>
         <size>0x18</size>
         <input_file_ref idref="fl-f"/>
      </object_component>
      <object_component id="oc-57c">
         <name>.text:Power_idleFunc</name>
         <load_address>0x2000f338</load_address>
         <run_address>0x2000f338</run_address>
         <size>0x18</size>
         <input_file_ref idref="fl-f"/>
      </object_component>
      <object_component id="oc-61b">
         <name>.text:UARTBusy</name>
         <load_address>0x2000f350</load_address>
         <run_address>0x2000f350</run_address>
         <size>0x18</size>
         <input_file_ref idref="fl-20"/>
      </object_component>
      <object_component id="oc-6eb">
         <name>.text:UARTIntEnable</name>
         <load_address>0x2000f368</load_address>
         <run_address>0x2000f368</run_address>
         <size>0x18</size>
         <input_file_ref idref="fl-20"/>
      </object_component>
      <object_component id="oc-1cf">
         <name>.text:UART_Params_init</name>
         <load_address>0x2000f380</load_address>
         <run_address>0x2000f380</run_address>
         <size>0x18</size>
         <input_file_ref idref="fl-d"/>
      </object_component>
      <object_component id="oc-46a">
         <name>.text</name>
         <load_address>0x2000f398</load_address>
         <run_address>0x2000f398</run_address>
         <size>0x18</size>
         <input_file_ref idref="fl-d8"/>
      </object_component>
      <object_component id="oc-253">
         <name>.text:PRCMHIBRegRead</name>
         <load_address>0x2000f3b0</load_address>
         <run_address>0x2000f3b0</run_address>
         <size>0x16</size>
         <input_file_ref idref="fl-1f"/>
      </object_component>
      <object_component id="oc-24d">
         <name>.text:PRCMHIBRegWrite</name>
         <load_address>0x2000f3c6</load_address>
         <run_address>0x2000f3c6</run_address>
         <size>0x16</size>
         <input_file_ref idref="fl-1f"/>
      </object_component>
      <object_component id="oc-36f">
         <name>.text:SemaphoreP_create</name>
         <load_address>0x2000f3dc</load_address>
         <run_address>0x2000f3dc</run_address>
         <size>0x16</size>
         <input_file_ref idref="fl-15"/>
      </object_component>
      <object_component id="oc-a3">
         <name>.text:CPUcpsid</name>
         <load_address>0x2000f3f2</load_address>
         <run_address>0x2000f3f2</run_address>
         <size>0x14</size>
         <input_file_ref idref="fl-1c"/>
      </object_component>
      <object_component id="oc-3b1">
         <name>.text:HwiP_inISR</name>
         <load_address>0x2000f408</load_address>
         <run_address>0x2000f408</run_address>
         <size>0x14</size>
         <input_file_ref idref="fl-17"/>
      </object_component>
      <object_component id="oc-af">
         <name>.text:IntVTableBaseSet</name>
         <load_address>0x2000f41c</load_address>
         <run_address>0x2000f41c</run_address>
         <size>0x14</size>
         <input_file_ref idref="fl-1d"/>
      </object_component>
      <object_component id="oc-3b7">
         <name>.text:Power_disablePolicy</name>
         <load_address>0x2000f430</load_address>
         <run_address>0x2000f430</run_address>
         <size>0x14</size>
         <input_file_ref idref="fl-f"/>
      </object_component>
      <object_component id="oc-66a">
         <name>.text:Power_getDependencyCount</name>
         <load_address>0x2000f444</load_address>
         <run_address>0x2000f444</run_address>
         <size>0x14</size>
         <input_file_ref idref="fl-f"/>
      </object_component>
      <object_component id="oc-6e5">
         <name>.text:releasePowerConstraint</name>
         <load_address>0x2000f458</load_address>
         <run_address>0x2000f458</run_address>
         <size>0x14</size>
         <input_file_ref idref="fl-11"/>
      </object_component>
      <object_component id="oc-2e0">
         <name>.text:HwiP_Params_init</name>
         <load_address>0x2000f46c</load_address>
         <run_address>0x2000f46c</run_address>
         <size>0x12</size>
         <input_file_ref idref="fl-17"/>
      </object_component>
      <object_component id="oc-5c6">
         <name>.text:RingBuf_construct</name>
         <load_address>0x2000f47e</load_address>
         <run_address>0x2000f47e</run_address>
         <size>0x12</size>
         <input_file_ref idref="fl-13"/>
      </object_component>
      <object_component id="oc-11a">
         <name>.text:main</name>
         <load_address>0x2000f490</load_address>
         <run_address>0x2000f490</run_address>
         <size>0x12</size>
         <input_file_ref idref="fl-1"/>
      </object_component>
      <object_component id="oc-152">
         <name>.text:Board_init</name>
         <load_address>0x2000f4a2</load_address>
         <run_address>0x2000f4a2</run_address>
         <size>0x10</size>
         <input_file_ref idref="fl-3"/>
      </object_component>
      <object_component id="oc-381">
         <name>.text:ClockP_add</name>
         <load_address>0x2000f4b2</load_address>
         <run_address>0x2000f4b2</run_address>
         <size>0x10</size>
         <input_file_ref idref="fl-16"/>
      </object_component>
      <object_component id="oc-593">
         <name>.text:ClockP_delete</name>
         <load_address>0x2000f4c2</load_address>
         <run_address>0x2000f4c2</run_address>
         <size>0x10</size>
         <input_file_ref idref="fl-16"/>
      </object_component>
      <object_component id="oc-435">
         <name>.text:ClockP_getCpuFreq</name>
         <load_address>0x2000f4d4</load_address>
         <run_address>0x2000f4d4</run_address>
         <size>0x10</size>
         <input_file_ref idref="fl-16"/>
      </object_component>
      <object_component id="oc-453">
         <name>.text:ClockP_getSystemTicks</name>
         <load_address>0x2000f4e4</load_address>
         <run_address>0x2000f4e4</run_address>
         <size>0x10</size>
         <input_file_ref idref="fl-16"/>
      </object_component>
      <object_component id="oc-46f">
         <name>.text:ClockP_setTicks</name>
         <load_address>0x2000f4f4</load_address>
         <run_address>0x2000f4f4</run_address>
         <size>0x10</size>
         <input_file_ref idref="fl-16"/>
      </object_component>
      <object_component id="oc-58d">
         <name>.text:HwiP_delete</name>
         <load_address>0x2000f504</load_address>
         <run_address>0x2000f504</run_address>
         <size>0x10</size>
         <input_file_ref idref="fl-17"/>
      </object_component>
      <object_component id="oc-292">
         <name>.text:HwiP_restore</name>
         <load_address>0x2000f514</load_address>
         <run_address>0x2000f514</run_address>
         <size>0x10</size>
         <input_file_ref idref="fl-17"/>
      </object_component>
      <object_component id="oc-38d">
         <name>.text:Power_enablePolicy</name>
         <load_address>0x2000f524</load_address>
         <run_address>0x2000f524</run_address>
         <size>0x10</size>
         <input_file_ref idref="fl-f"/>
      </object_component>
      <object_component id="oc-369">
         <name>.text:SemaphoreP_Params_init</name>
         <load_address>0x2000f534</load_address>
         <run_address>0x2000f534</run_address>
         <size>0x10</size>
         <input_file_ref idref="fl-15"/>
      </object_component>
      <object_component id="oc-60b">
         <name>.text:readBlockingTimeout</name>
         <load_address>0x2000f544</load_address>
         <run_address>0x2000f544</run_address>
         <size>0x10</size>
         <input_file_ref idref="fl-11"/>
      </object_component>
      <object_component id="oc-28c">
         <name>.text:HwiP_disable</name>
         <load_address>0x2000f554</load_address>
         <run_address>0x2000f554</run_address>
         <size>0xe</size>
         <input_file_ref idref="fl-17"/>
      </object_component>
      <object_component id="oc-158">
         <name>.text:HwiP_enable</name>
         <load_address>0x2000f562</load_address>
         <run_address>0x2000f562</run_address>
         <size>0xe</size>
         <input_file_ref idref="fl-17"/>
      </object_component>
      <object_component id="oc-711">
         <name>.text:RingBuf_isFull</name>
         <load_address>0x2000f570</load_address>
         <run_address>0x2000f570</run_address>
         <size>0xe</size>
         <input_file_ref idref="fl-13"/>
      </object_component>
      <object_component id="oc-1a">
         <name>.text:decompress:none:__TI_decompress_none</name>
         <load_address>0x2000f57e</load_address>
         <run_address>0x2000f57e</run_address>
         <size>0xe</size>
         <input_file_ref idref="fl-dc"/>
      </object_component>
      <object_component id="oc-441">
         <name>.text:Power_getConstraintMask</name>
         <load_address>0x2000f58c</load_address>
         <run_address>0x2000f58c</run_address>
         <size>0xc</size>
         <input_file_ref idref="fl-f"/>
      </object_component>
      <object_component id="oc-5f3">
         <name>.text:postNotifyFxn</name>
         <load_address>0x2000f598</load_address>
         <run_address>0x2000f598</run_address>
         <size>0xc</size>
         <input_file_ref idref="fl-11"/>
      </object_component>
      <object_component id="oc-5de">
         <name>.text:ClockP_Params_init</name>
         <load_address>0x2000f5a4</load_address>
         <run_address>0x2000f5a4</run_address>
         <size>0xa</size>
         <input_file_ref idref="fl-16"/>
      </object_component>
      <object_component id="oc-393">
         <name>.text:ClockP_isActive</name>
         <load_address>0x2000f5ae</load_address>
         <run_address>0x2000f5ae</run_address>
         <size>0xa</size>
         <input_file_ref idref="fl-16"/>
      </object_component>
      <object_component id="oc-53">
         <name>.text:IntMasterDisable</name>
         <load_address>0x2000f5b8</load_address>
         <run_address>0x2000f5b8</run_address>
         <size>0xa</size>
         <input_file_ref idref="fl-1d"/>
      </object_component>
      <object_component id="oc-1e1">
         <name>.text:UART_read</name>
         <load_address>0x2000f5c2</load_address>
         <run_address>0x2000f5c2</run_address>
         <size>0xa</size>
         <input_file_ref idref="fl-d"/>
      </object_component>
      <object_component id="oc-1db">
         <name>.text:UART_write</name>
         <load_address>0x2000f5cc</load_address>
         <run_address>0x2000f5cc</run_address>
         <size>0xa</size>
         <input_file_ref idref="fl-d"/>
      </object_component>
      <object_component id="oc-3e9">
         <name>.text:malloc</name>
         <load_address>0x2000f5d6</load_address>
         <run_address>0x2000f5d6</run_address>
         <size>0x8</size>
         <input_file_ref idref="fl-de"/>
      </object_component>
      <object_component id="oc-605">
         <name>.text:readSemCallback</name>
         <load_address>0x2000f5de</load_address>
         <run_address>0x2000f5de</run_address>
         <size>0x8</size>
         <input_file_ref idref="fl-11"/>
      </object_component>
      <object_component id="oc-5ff">
         <name>.text:writeSemCallback</name>
         <load_address>0x2000f5e6</load_address>
         <run_address>0x2000f5e6</run_address>
         <size>0x8</size>
         <input_file_ref idref="fl-11"/>
      </object_component>
      <object_component id="oc-24c">
         <name>.text:UtilsDelay</name>
         <load_address>0x2000f5ee</load_address>
         <run_address>0x2000f5ee</run_address>
         <size>0x6</size>
         <input_file_ref idref="fl-21"/>
      </object_component>
      <object_component id="oc-718">
         <name>.text:ClockP_setTimeout</name>
         <load_address>0x2000f5f4</load_address>
         <run_address>0x2000f5f4</run_address>
         <size>0x4</size>
         <input_file_ref idref="fl-16"/>
      </object_component>
      <object_component id="oc-572">
         <name>.text:HwiP_post</name>
         <load_address>0x2000f5f8</load_address>
         <run_address>0x2000f5f8</run_address>
         <size>0x4</size>
         <input_file_ref idref="fl-17"/>
      </object_component>
      <object_component id="oc-298">
         <name>.text:SemaphoreP_delete</name>
         <load_address>0x2000f5fc</load_address>
         <run_address>0x2000f5fc</run_address>
         <size>0x4</size>
         <input_file_ref idref="fl-15"/>
      </object_component>
      <object_component id="oc-114">
         <name>.text:_system_pre_init</name>
         <load_address>0x2000f600</load_address>
         <run_address>0x2000f600</run_address>
         <size>0x4</size>
         <input_file_ref idref="fl-e3"/>
      </object_component>
      <object_component id="oc-165">
         <name>.text:abort:abort</name>
         <load_address>0x2000f604</load_address>
         <run_address>0x2000f604</run_address>
         <size>0x4</size>
         <input_file_ref idref="fl-e5"/>
      </object_component>
      <object_component id="oc-34e">
         <name>.const:g_ulPinToPadMap</name>
         <load_address>0x2000fbb4</load_address>
         <run_address>0x2000fbb4</run_address>
         <size>0x100</size>
         <input_file_ref idref="fl-1e"/>
      </object_component>
      <object_component id="oc-347">
         <name>.const:PRCM_PeriphRegsList</name>
         <load_address>0x2000fcb4</load_address>
         <run_address>0x2000fcb4</run_address>
         <size>0xa8</size>
         <input_file_ref idref="fl-1f"/>
      </object_component>
      <object_component id="oc-281">
         <name>.const:PowerCC32XX_config</name>
         <load_address>0x2000fd5c</load_address>
         <run_address>0x2000fd5c</run_address>
         <size>0x44</size>
         <input_file_ref idref="fl-3"/>
      </object_component>
      <object_component id="oc-3dd">
         <name>.const:UARTCC32XX_fxnTable</name>
         <load_address>0x2000fda0</load_address>
         <run_address>0x2000fda0</run_address>
         <size>0x28</size>
         <input_file_ref idref="fl-11"/>
      </object_component>
      <object_component id="oc-311">
         <name>.const:UART_defaultParams</name>
         <load_address>0x2000fdc8</load_address>
         <run_address>0x2000fdc8</run_address>
         <size>0x24</size>
         <input_file_ref idref="fl-d"/>
      </object_component>
      <object_component id="oc-3e1">
         <name>.const:uartCC32XXHWAttrs0</name>
         <load_address>0x2000fdec</load_address>
         <run_address>0x2000fdec</run_address>
         <size>0x24</size>
         <input_file_ref idref="fl-3"/>
      </object_component>
      <object_component id="oc-2ec">
         <name>.const:.string:pinTable</name>
         <load_address>0x2000fe10</load_address>
         <run_address>0x2000fe10</run_address>
         <size>0x21</size>
         <input_file_ref idref="fl-e"/>
      </object_component>
      <object_component id="oc-2cd">
         <name>.const</name>
         <load_address>0x2000fe31</load_address>
         <run_address>0x2000fe31</run_address>
         <size>0x3</size>
         <input_file_ref idref="fl-3"/>
      </object_component>
      <object_component id="oc-5f0">
         <name>.const:staticFxnTable</name>
         <load_address>0x2000fe34</load_address>
         <run_address>0x2000fe34</run_address>
         <size>0x20</size>
         <input_file_ref idref="fl-11"/>
      </object_component>
      <object_component id="oc-10e">
         <name>.const:g_pulEnRegs</name>
         <load_address>0x2000fe54</load_address>
         <run_address>0x2000fe54</run_address>
         <size>0x18</size>
         <input_file_ref idref="fl-1d"/>
      </object_component>
      <object_component id="oc-6fc">
         <name>.const:g_pulPendRegs</name>
         <load_address>0x2000fe6c</load_address>
         <run_address>0x2000fe6c</run_address>
         <size>0x18</size>
         <input_file_ref idref="fl-1d"/>
      </object_component>
      <object_component id="oc-1ed">
         <name>.const:.string:$P$T0$1</name>
         <load_address>0x2000fe84</load_address>
         <run_address>0x2000fe84</run_address>
         <size>0x16</size>
         <input_file_ref idref="fl-2"/>
      </object_component>
      <object_component id="oc-2ba">
         <name>.const:GPIOCC32XX_config</name>
         <load_address>0x2000fe9c</load_address>
         <run_address>0x2000fe9c</run_address>
         <size>0x14</size>
         <input_file_ref idref="fl-3"/>
      </object_component>
      <object_component id="oc-307">
         <name>.const:gpioBaseAddresses</name>
         <load_address>0x2000feb0</load_address>
         <run_address>0x2000feb0</run_address>
         <size>0x14</size>
         <input_file_ref idref="fl-e"/>
      </object_component>
      <object_component id="oc-6ae">
         <name>.const:parityType</name>
         <load_address>0x2000fec4</load_address>
         <run_address>0x2000fec4</run_address>
         <size>0x14</size>
         <input_file_ref idref="fl-11"/>
      </object_component>
      <object_component id="oc-2ef">
         <name>.const:powerResources</name>
         <load_address>0x2000fed8</load_address>
         <run_address>0x2000fed8</run_address>
         <size>0x14</size>
         <input_file_ref idref="fl-e"/>
      </object_component>
      <object_component id="oc-6b4">
         <name>.const:dataLength</name>
         <load_address>0x2000feec</load_address>
         <run_address>0x2000feec</run_address>
         <size>0x10</size>
         <input_file_ref idref="fl-11"/>
      </object_component>
      <object_component id="oc-2d0">
         <name>.const:UART_config</name>
         <load_address>0x2000fefc</load_address>
         <run_address>0x2000fefc</run_address>
         <size>0xc</size>
         <input_file_ref idref="fl-3"/>
      </object_component>
      <object_component id="oc-2f5">
         <name>.const:outPinTypes</name>
         <load_address>0x2000ff08</load_address>
         <run_address>0x2000ff08</run_address>
         <size>0x8</size>
         <input_file_ref idref="fl-e"/>
      </object_component>
      <object_component id="oc-6b1">
         <name>.const:stopBits</name>
         <load_address>0x2000ff10</load_address>
         <run_address>0x2000ff10</run_address>
         <size>0x8</size>
         <input_file_ref idref="fl-11"/>
      </object_component>
      <object_component id="oc-304">
         <name>.const:.string:interruptType</name>
         <load_address>0x2000ff18</load_address>
         <run_address>0x2000ff18</run_address>
         <size>0x6</size>
         <input_file_ref idref="fl-e"/>
      </object_component>
      <object_component id="oc-2f8">
         <name>.const:inPinTypes</name>
         <load_address>0x2000ff1e</load_address>
         <run_address>0x2000ff1e</run_address>
         <size>0x6</size>
         <input_file_ref idref="fl-e"/>
      </object_component>
      <object_component id="oc-2f2">
         <name>.const:outPinStrengths</name>
         <load_address>0x2000ff24</load_address>
         <run_address>0x2000ff24</run_address>
         <size>0x6</size>
         <input_file_ref idref="fl-e"/>
      </object_component>
      <object_component id="oc-2fb">
         <name>.const:.string:portInterruptIds</name>
         <load_address>0x2000ff2a</load_address>
         <run_address>0x2000ff2a</run_address>
         <size>0x4</size>
         <input_file_ref idref="fl-e"/>
      </object_component>
      <object_component id="oc-75f">
         <name>.cinit..data.load</name>
         <load_address>0x20010160</load_address>
         <run_address>0x20010160</run_address>
         <size>0xbe</size>
      </object_component>
      <object_component id="oc-75d">
         <name>__TI_handler_table</name>
         <load_address>0x20010220</load_address>
         <run_address>0x20010220</run_address>
         <size>0xc</size>
      </object_component>
      <object_component id="oc-760">
         <name>.cinit..bss.load</name>
         <load_address>0x20010230</load_address>
         <run_address>0x20010230</run_address>
         <size>0x8</size>
      </object_component>
      <object_component id="oc-75e">
         <name>__TI_cinit_table</name>
         <load_address>0x20010238</load_address>
         <run_address>0x20010238</run_address>
         <size>0x10</size>
      </object_component>
      <object_component id="oc-3c0">
         <name>.data:gpioPinConfigs</name>
         <load_address>0x2000fbb0</load_address>
         <run_address>0x2000fbb0</run_address>
         <size>0x4</size>
         <input_file_ref idref="fl-3"/>
      </object_component>
      <object_component id="oc-3c3">
         <name>.data:gpioCallbackFunctions</name>
         <load_address>0x2000fbac</load_address>
         <run_address>0x2000fbac</run_address>
         <size>0x4</size>
         <input_file_ref idref="fl-3"/>
      </object_component>
      <object_component id="oc-364">
         <name>.data:parkInfo</name>
         <load_address>0x2000fa80</load_address>
         <run_address>0x2000fa80</run_address>
         <size>0xf8</size>
         <input_file_ref idref="fl-3"/>
      </object_component>
      <object_component id="oc-2ca">
         <name>.data</name>
         <load_address>0x2000fba9</load_address>
         <run_address>0x2000fba9</run_address>
         <size>0x1</size>
         <input_file_ref idref="fl-d"/>
      </object_component>
      <object_component id="oc-2b7">
         <name>.data</name>
         <load_address>0x2000fb78</load_address>
         <run_address>0x2000fb78</run_address>
         <size>0x9</size>
         <input_file_ref idref="fl-e"/>
      </object_component>
      <object_component id="oc-27e">
         <name>.data:PowerCC32XX_module</name>
         <load_address>0x2000f914</load_address>
         <run_address>0x2000f914</run_address>
         <size>0x16c</size>
         <input_file_ref idref="fl-f"/>
      </object_component>
      <object_component id="oc-3a5">
         <name>.data</name>
         <load_address>0x2000fb81</load_address>
         <run_address>0x2000fb81</run_address>
         <size>0x3</size>
         <input_file_ref idref="fl-15"/>
      </object_component>
      <object_component id="oc-481">
         <name>.data:SemaphoreP_defaultParams</name>
         <load_address>0x2000fb94</load_address>
         <run_address>0x2000fb94</run_address>
         <size>0x8</size>
         <input_file_ref idref="fl-15"/>
      </object_component>
      <object_component id="oc-47b">
         <name>.data</name>
         <load_address>0x2000fba4</load_address>
         <run_address>0x2000fba4</run_address>
         <size>0x5</size>
         <input_file_ref idref="fl-16"/>
      </object_component>
      <object_component id="oc-50f">
         <name>.data:HwiP_dispatchTable</name>
         <load_address>0x2000f608</load_address>
         <run_address>0x2000f608</run_address>
         <size>0x30c</size>
         <input_file_ref idref="fl-17"/>
      </object_component>
      <object_component id="oc-518">
         <name>.data</name>
         <load_address>0x2000fb9c</load_address>
         <run_address>0x2000fb9c</run_address>
         <size>0x8</size>
         <input_file_ref idref="fl-17"/>
      </object_component>
      <object_component id="oc-585">
         <name>.data:$O1$$</name>
         <load_address>0x2000fb8c</load_address>
         <run_address>0x2000fb8c</run_address>
         <size>0x8</size>
         <input_file_ref idref="fl-de"/>
      </object_component>
      <object_component id="oc-200">
         <name>.data:$O1$$</name>
         <load_address>0x2000fb84</load_address>
         <run_address>0x2000fb84</run_address>
         <size>0x8</size>
         <input_file_ref idref="fl-e6"/>
      </object_component>
      <object_component id="oc-503">
         <name>.bss:uartCC32XXRingBuffer0</name>
         <uninitialized>true</uninitialized>
         <run_address>0x20010100</run_address>
         <size>0x20</size>
         <input_file_ref idref="fl-3"/>
      </object_component>
      <object_component id="oc-2c6">
         <name>.bss:gpioCallbackInfo</name>
         <uninitialized>true</uninitialized>
         <run_address>0x200100e0</run_address>
         <size>0x20</size>
         <input_file_ref idref="fl-e"/>
      </object_component>
      <object_component id="oc-2bd">
         <name>.bss:powerNotifyObj</name>
         <uninitialized>true</uninitialized>
         <run_address>0x20010120</run_address>
         <size>0x14</size>
         <input_file_ref idref="fl-e"/>
      </object_component>
      <object_component id="oc-2b6">
         <name>.bss</name>
         <uninitialized>true</uninitialized>
         <run_address>0x20010134</run_address>
         <size>0x4</size>
         <input_file_ref idref="fl-e"/>
      </object_component>
      <object_component id="oc-64c">
         <name>.bss</name>
         <uninitialized>true</uninitialized>
         <run_address>0x20010158</run_address>
         <size>0x4</size>
         <input_file_ref idref="fl-16"/>
      </object_component>
      <object_component id="oc-51f">
         <name>.bss</name>
         <uninitialized>true</uninitialized>
         <run_address>0x20010148</run_address>
         <size>0xd</size>
         <input_file_ref idref="fl-1a"/>
      </object_component>
      <object_component id="oc-3e0">
         <name>.common:uartCC32XXObjects0</name>
         <uninitialized>true</uninitialized>
         <run_address>0x2001005c</run_address>
         <size>0x84</size>
      </object_component>
      <object_component id="oc-65b">
         <name>.common:PowerCC32XX_contextSave</name>
         <uninitialized>true</uninitialized>
         <run_address>0x2000ff30</run_address>
         <size>0x12c</size>
      </object_component>
      <object_component id="oc-e1">
         <name>.common:ClockP_ctrl</name>
         <uninitialized>true</uninitialized>
         <run_address>0x20010138</run_address>
         <size>0x10</size>
      </object_component>
      <object_component id="oc-2a">
         <name>.sysmem</name>
         <uninitialized>true</uninitialized>
         <run_address>0x20004040</run_address>
         <size>0x10</size>
         <input_file_ref idref="fl-de"/>
      </object_component>
      <object_component id="oc-763">
         <name>.sysmem</name>
         <uninitialized>true</uninitialized>
         <run_address>0x20004040</run_address>
         <size>0x0</size>
      </object_component>
      <object_component id="oc-2d">
         <name>.stack</name>
         <uninitialized>true</uninitialized>
         <run_address>0x20003000</run_address>
         <size>0x4</size>
         <input_file_ref idref="fl-df"/>
      </object_component>
      <object_component id="oc-762">
         <name>.stack</name>
         <uninitialized>true</uninitialized>
         <run_address>0x20003000</run_address>
         <size>0x0</size>
      </object_component>
      <object_component id="oc-27">
         <name>.resetVecs:retain</name>
         <load_address>0x20004000</load_address>
         <run_address>0x20004000</run_address>
         <size>0x40</size>
         <input_file_ref idref="fl-19"/>
      </object_component>
      <object_component id="oc-bb">
         <name>.ramVecs</name>
         <uninitialized>true</uninitialized>
         <run_address>0x20000000</run_address>
         <size>0x30c</size>
         <input_file_ref idref="fl-19"/>
      </object_component>
      <object_component id="oc-14d">
         <name>.debug_info</name>
         <load_address>0x0</load_address>
         <run_address>0x0</run_address>
         <size>0x1c5</size>
         <input_file_ref idref="fl-1"/>
      </object_component>
      <object_component id="oc-11b">
         <name>.debug_info</name>
         <load_address>0x1c5</load_address>
         <run_address>0x1c5</run_address>
         <size>0x15d</size>
         <input_file_ref idref="fl-1"/>
      </object_component>
      <object_component id="oc-e7">
         <name>.debug_info</name>
         <load_address>0x322</load_address>
         <run_address>0x322</run_address>
         <size>0x26b</size>
         <input_file_ref idref="fl-1"/>
      </object_component>
      <object_component id="oc-36">
         <name>.debug_info</name>
         <load_address>0x58d</load_address>
         <run_address>0x58d</run_address>
         <size>0x84</size>
         <input_file_ref idref="fl-1"/>
      </object_component>
      <object_component id="oc-148">
         <name>.debug_info</name>
         <load_address>0x611</load_address>
         <run_address>0x611</run_address>
         <size>0x2a4</size>
         <input_file_ref idref="fl-1"/>
      </object_component>
      <object_component id="oc-21e">
         <name>.debug_info</name>
         <load_address>0x8b5</load_address>
         <run_address>0x8b5</run_address>
         <size>0xef</size>
         <input_file_ref idref="fl-1"/>
      </object_component>
      <object_component id="oc-12f">
         <name>.debug_info</name>
         <load_address>0x9a4</load_address>
         <run_address>0x9a4</run_address>
         <size>0xbb</size>
         <input_file_ref idref="fl-1"/>
      </object_component>
      <object_component id="oc-241">
         <name>.debug_info</name>
         <load_address>0xa5f</load_address>
         <run_address>0xa5f</run_address>
         <size>0x53</size>
         <input_file_ref idref="fl-1"/>
      </object_component>
      <object_component id="oc-1f1">
         <name>.debug_info</name>
         <load_address>0xab2</load_address>
         <run_address>0xab2</run_address>
         <size>0x3ad</size>
         <input_file_ref idref="fl-2"/>
      </object_component>
      <object_component id="oc-1ee">
         <name>.debug_info</name>
         <load_address>0xe5f</load_address>
         <run_address>0xe5f</run_address>
         <size>0xf4</size>
         <input_file_ref idref="fl-2"/>
      </object_component>
      <object_component id="oc-15f">
         <name>.debug_info</name>
         <load_address>0xf53</load_address>
         <run_address>0xf53</run_address>
         <size>0x28b</size>
         <input_file_ref idref="fl-2"/>
      </object_component>
      <object_component id="oc-1f2">
         <name>.debug_info</name>
         <load_address>0x11de</load_address>
         <run_address>0x11de</run_address>
         <size>0x4cf</size>
         <input_file_ref idref="fl-2"/>
      </object_component>
      <object_component id="oc-23c">
         <name>.debug_info</name>
         <load_address>0x16ad</load_address>
         <run_address>0x16ad</run_address>
         <size>0x3b</size>
         <input_file_ref idref="fl-2"/>
      </object_component>
      <object_component id="oc-1f7">
         <name>.debug_info</name>
         <load_address>0x16e8</load_address>
         <run_address>0x16e8</run_address>
         <size>0x5a</size>
         <input_file_ref idref="fl-2"/>
      </object_component>
      <object_component id="oc-1a3">
         <name>.debug_info</name>
         <load_address>0x1742</load_address>
         <run_address>0x1742</run_address>
         <size>0x513</size>
         <input_file_ref idref="fl-3"/>
      </object_component>
      <object_component id="oc-3c1">
         <name>.debug_info</name>
         <load_address>0x1c55</load_address>
         <run_address>0x1c55</run_address>
         <size>0x110</size>
         <input_file_ref idref="fl-3"/>
      </object_component>
      <object_component id="oc-3c4">
         <name>.debug_info</name>
         <load_address>0x1d65</load_address>
         <run_address>0x1d65</run_address>
         <size>0x11e</size>
         <input_file_ref idref="fl-3"/>
      </object_component>
      <object_component id="oc-2ce">
         <name>.debug_info</name>
         <load_address>0x1e83</load_address>
         <run_address>0x1e83</run_address>
         <size>0x17e</size>
         <input_file_ref idref="fl-3"/>
      </object_component>
      <object_component id="oc-2bb">
         <name>.debug_info</name>
         <load_address>0x2001</load_address>
         <run_address>0x2001</run_address>
         <size>0x116</size>
         <input_file_ref idref="fl-3"/>
      </object_component>
      <object_component id="oc-282">
         <name>.debug_info</name>
         <load_address>0x2117</load_address>
         <run_address>0x2117</run_address>
         <size>0x118</size>
         <input_file_ref idref="fl-3"/>
      </object_component>
      <object_component id="oc-504">
         <name>.debug_info</name>
         <load_address>0x222f</load_address>
         <run_address>0x222f</run_address>
         <size>0x11d</size>
         <input_file_ref idref="fl-3"/>
      </object_component>
      <object_component id="oc-3e2">
         <name>.debug_info</name>
         <load_address>0x234c</load_address>
         <run_address>0x234c</run_address>
         <size>0x117</size>
         <input_file_ref idref="fl-3"/>
      </object_component>
      <object_component id="oc-2d1">
         <name>.debug_info</name>
         <load_address>0x2463</load_address>
         <run_address>0x2463</run_address>
         <size>0x10a</size>
         <input_file_ref idref="fl-3"/>
      </object_component>
      <object_component id="oc-365">
         <name>.debug_info</name>
         <load_address>0x256d</load_address>
         <run_address>0x256d</run_address>
         <size>0x104</size>
         <input_file_ref idref="fl-3"/>
      </object_component>
      <object_component id="oc-1b6">
         <name>.debug_info</name>
         <load_address>0x2671</load_address>
         <run_address>0x2671</run_address>
         <size>0x15c</size>
         <input_file_ref idref="fl-3"/>
      </object_component>
      <object_component id="oc-153">
         <name>.debug_info</name>
         <load_address>0x27cd</load_address>
         <run_address>0x27cd</run_address>
         <size>0x192</size>
         <input_file_ref idref="fl-3"/>
      </object_component>
      <object_component id="oc-228">
         <name>.debug_info</name>
         <load_address>0x295f</load_address>
         <run_address>0x295f</run_address>
         <size>0x878</size>
         <input_file_ref idref="fl-3"/>
      </object_component>
      <object_component id="oc-134">
         <name>.debug_info</name>
         <load_address>0x31d7</load_address>
         <run_address>0x31d7</run_address>
         <size>0x100</size>
         <input_file_ref idref="fl-3"/>
      </object_component>
      <object_component id="oc-13e">
         <name>.debug_info</name>
         <load_address>0x32d7</load_address>
         <run_address>0x32d7</run_address>
         <size>0x137</size>
         <input_file_ref idref="fl-3"/>
      </object_component>
      <object_component id="oc-30b">
         <name>.debug_info</name>
         <load_address>0x340e</load_address>
         <run_address>0x340e</run_address>
         <size>0xf8</size>
         <input_file_ref idref="fl-3"/>
      </object_component>
      <object_component id="oc-223">
         <name>.debug_info</name>
         <load_address>0x3506</load_address>
         <run_address>0x3506</run_address>
         <size>0x9a</size>
         <input_file_ref idref="fl-3"/>
      </object_component>
      <object_component id="oc-232">
         <name>.debug_info</name>
         <load_address>0x35a0</load_address>
         <run_address>0x35a0</run_address>
         <size>0x518</size>
         <input_file_ref idref="fl-3"/>
      </object_component>
      <object_component id="oc-22d">
         <name>.debug_info</name>
         <load_address>0x3ab8</load_address>
         <run_address>0x3ab8</run_address>
         <size>0xbb</size>
         <input_file_ref idref="fl-3"/>
      </object_component>
      <object_component id="oc-33f">
         <name>.debug_info</name>
         <load_address>0x3b73</load_address>
         <run_address>0x3b73</run_address>
         <size>0xb6</size>
         <input_file_ref idref="fl-3"/>
      </object_component>
      <object_component id="oc-237">
         <name>.debug_info</name>
         <load_address>0x3c29</load_address>
         <run_address>0x3c29</run_address>
         <size>0xa1</size>
         <input_file_ref idref="fl-3"/>
      </object_component>
      <object_component id="oc-425">
         <name>.debug_info</name>
         <load_address>0x3cca</load_address>
         <run_address>0x3cca</run_address>
         <size>0x62</size>
         <input_file_ref idref="fl-3"/>
      </object_component>
      <object_component id="oc-108">
         <name>.debug_info</name>
         <load_address>0x3d2c</load_address>
[...]
      </symbol>
      <symbol id="sm-3f2">
         <name>PowerCC32XX_getParkState</name>
         <value>0x2000f059</value>
         <object_component_ref idref="oc-5d8"/>
      </symbol>
      <symbol id="sm-403">
         <name>PowerCC32XX_enterLPDS</name>
         <value>0x2000eac9</value>
         <object_component_ref idref="oc-54c"/>
      </symbol>
      <symbol id="sm-404">
         <name>PowerCC32XX_resumeLPDS</name>
         <value>0x2000e701</value>
         <object_component_ref idref="oc-65d"/>
      </symbol>
      <symbol id="sm-58e">
         <name>UARTCC32XX_close</name>
         <value>0x2000ce21</value>
         <object_component_ref idref="oc-4c4"/>
      </symbol>
      <symbol id="sm-58f">
         <name>UARTCC32XX_fxnTable</name>
         <value>0x2000fda0</value>
         <object_component_ref idref="oc-3dd"/>
      </symbol>
      <symbol id="sm-590">
         <name>UARTCC32XX_init</name>
         <value>0x2000d523</value>
         <object_component_ref idref="oc-4d0"/>
      </symbol>
      <symbol id="sm-591">
         <name>UARTCC32XX_writePolling</name>
         <value>0x2000e429</value>
         <object_component_ref idref="oc-4f4"/>
      </symbol>
      <symbol id="sm-592">
         <name>UARTCC32XX_writeCancel</name>
         <value>0x2000e35d</value>
         <object_component_ref idref="oc-4fa"/>
      </symbol>
      <symbol id="sm-593">
         <name>UARTCC32XX_control</name>
         <value>0x2000d041</value>
         <object_component_ref idref="oc-4ca"/>
      </symbol>
      <symbol id="sm-594">
         <name>UARTCC32XX_open</name>
         <value>0x2000c46d</value>
         <object_component_ref idref="oc-4d6"/>
      </symbol>
      <symbol id="sm-595">
         <name>UARTCC32XX_readCancel</name>
         <value>0x2000eef1</value>
         <object_component_ref idref="oc-4e8"/>
      </symbol>
      <symbol id="sm-596">
         <name>UARTCC32XX_write</name>
         <value>0x2000d219</value>
         <object_component_ref idref="oc-4ee"/>
      </symbol>
      <symbol id="sm-597">
         <name>UARTCC32XX_read</name>
         <value>0x2000ecdd</value>
         <object_component_ref idref="oc-4dc"/>
      </symbol>
      <symbol id="sm-598">
         <name>UARTCC32XX_readPolling</name>
         <value>0x2000d469</value>
         <object_component_ref idref="oc-4e2"/>
      </symbol>
      <symbol id="sm-5b0">
         <name>List_remove</name>
         <value>0x2000f14f</value>
         <object_component_ref idref="oc-695"/>
      </symbol>
      <symbol id="sm-5b1">
         <name>List_put</name>
         <value>0x2000f129</value>
         <object_component_ref idref="oc-3aa"/>
      </symbol>
      <symbol id="sm-5e0">
         <name>RingBuf_put</name>
         <value>0x2000e9f9</value>
         <object_component_ref idref="oc-70b"/>
      </symbol>
      <symbol id="sm-5e1">
         <name>RingBuf_isFull</name>
         <value>0x2000f571</value>
         <object_component_ref idref="oc-711"/>
      </symbol>
      <symbol id="sm-5e2">
         <name>RingBuf_construct</name>
         <value>0x2000f47f</value>
         <object_component_ref idref="oc-5c6"/>
      </symbol>
      <symbol id="sm-5e3">
         <name>RingBuf_peek</name>
         <value>0x2000f221</value>
         <object_component_ref idref="oc-5b8"/>
      </symbol>
      <symbol id="sm-5e4">
         <name>RingBuf_get</name>
         <value>0x2000ec9d</value>
         <object_component_ref idref="oc-613"/>
      </symbol>
      <symbol id="sm-65f">
         <name>SemaphoreP_defaultParams</name>
         <value>0x2000fb94</value>
         <object_component_ref idref="oc-481"/>
      </symbol>
      <symbol id="sm-660">
         <name>SemaphoreP_construct</name>
         <value>0x2000e7a5</value>
         <object_component_ref idref="oc-485"/>
      </symbol>
      <symbol id="sm-661">
         <name>SemaphoreP_create</name>
         <value>0x2000f3dd</value>
         <object_component_ref idref="oc-36f"/>
      </symbol>
      <symbol id="sm-662">
         <name>SemaphoreP_post</name>
         <value>0x2000eb0d</value>
         <object_component_ref idref="oc-2b0"/>
      </symbol>
      <symbol id="sm-663">
         <name>SemaphoreP_pend</name>
         <value>0x2000da85</value>
         <object_component_ref idref="oc-29e"/>
      </symbol>
      <symbol id="sm-664">
         <name>SemaphoreP_delete</name>
         <value>0x2000f5fd</value>
         <object_component_ref idref="oc-298"/>
      </symbol>
      <symbol id="sm-665">
         <name>SemaphoreP_createBinary</name>
         <value>0x2000f2eb</value>
         <object_component_ref idref="oc-286"/>
      </symbol>
      <symbol id="sm-666">
         <name>SemaphoreP_Params_init</name>
         <value>0x2000f535</value>
         <object_component_ref idref="oc-369"/>
      </symbol>
      <symbol id="sm-667">
         <name>clkFxn</name>
         <value>0x2000e48b</value>
         <object_component_ref idref="oc-39f"/>
      </symbol>
      <symbol id="sm-751">
         <name>ClockP_ctrl</name>
         <value>0x20010138</value>
      </symbol>
      <symbol id="sm-752">
         <name>ClockP_delete</name>
         <value>0x2000f4c3</value>
         <object_component_ref idref="oc-593"/>
      </symbol>
      <symbol id="sm-753">
         <name>ClockP_doTick</name>
         <value>0x2000e755</value>
         <object_component_ref idref="oc-79"/>
      </symbol>
      <symbol id="sm-754">
         <name>ClockP_setTimeout</name>
         <value>0x2000f5f5</value>
         <object_component_ref idref="oc-718"/>
      </symbol>
      <symbol id="sm-755">
         <name>ClockP_startup</name>
         <value>0x2000ef5d</value>
         <object_component_ref idref="oc-52b"/>
      </symbol>
      <symbol id="sm-756">
         <name>ClockP_stop</name>
         <value>0x2000ea41</value>
         <object_component_ref idref="oc-4ad"/>
      </symbol>
      <symbol id="sm-757">
         <name>ClockP_construct</name>
         <value>0x2000ec1d</value>
         <object_component_ref idref="oc-6a7"/>
      </symbol>
      <symbol id="sm-758">
         <name>ClockP_getTicksUntilInterrupt</name>
         <value>0x2000ef29</value>
         <object_component_ref idref="oc-447"/>
      </symbol>
      <symbol id="sm-759">
         <name>ClockP_setTicks</name>
         <value>0x2000f4f5</value>
         <object_component_ref idref="oc-46f"/>
      </symbol>
      <symbol id="sm-75a">
         <name>ClockP_tickPeriod</name>
         <value>0x2000fba4</value>
         <object_component_ref idref="oc-47b"/>
      </symbol>
      <symbol id="sm-75b">
         <name>ClockP_create</name>
         <value>0x2000f2d1</value>
         <object_component_ref idref="oc-5e4"/>
      </symbol>
      <symbol id="sm-75c">
         <name>ClockP_Params_init</name>
         <value>0x2000f5a5</value>
         <object_component_ref idref="oc-5de"/>
      </symbol>
      <symbol id="sm-75d">
         <name>ClockP_getSystemTicks</name>
         <value>0x2000f4e5</value>
         <object_component_ref idref="oc-453"/>
      </symbol>
      <symbol id="sm-75e">
         <name>ClockP_destruct</name>
         <value>0x2000ed5d</value>
         <object_component_ref idref="oc-399"/>
      </symbol>
      <symbol id="sm-75f">
         <name>ClockP_start</name>
         <value>0x2000eff9</value>
         <object_component_ref idref="oc-387"/>
      </symbol>
      <symbol id="sm-760">
         <name>ClockP_sysTickHandler</name>
         <value>0x2000e755</value>
         <object_component_ref idref="oc-79"/>
      </symbol>
      <symbol id="sm-761">
         <name>ClockP_isActive</name>
         <value>0x2000f5af</value>
         <object_component_ref idref="oc-393"/>
      </symbol>
      <symbol id="sm-762">
         <name>ClockP_getCpuFreq</name>
         <value>0x2000f4d5</value>
         <object_component_ref idref="oc-435"/>
      </symbol>
      <symbol id="sm-763">
         <name>ClockP_add</name>
         <value>0x2000f4b3</value>
         <object_component_ref idref="oc-381"/>
      </symbol>
      <symbol id="sm-7e4">
         <name>HwiP_delete</name>
         <value>0x2000f505</value>
         <object_component_ref idref="oc-58d"/>
      </symbol>
      <symbol id="sm-7e5">
         <name>HwiP_construct</name>
         <value>0x2000dd81</value>
         <object_component_ref idref="oc-3ef"/>
      </symbol>
      <symbol id="sm-7e6">
         <name>HwiP_inISR</name>
         <value>0x2000f409</value>
         <object_component_ref idref="oc-3b1"/>
      </symbol>
      <symbol id="sm-7e7">
         <name>HwiP_dispatch</name>
         <value>0x2000f175</value>
         <object_component_ref idref="oc-512"/>
      </symbol>
      <symbol id="sm-7e8">
         <name>HwiP_destruct</name>
         <value>0x2000f1e1</value>
         <object_component_ref idref="oc-68c"/>
      </symbol>
      <symbol id="sm-7e9">
         <name>HwiP_swiPIntNum</name>
         <value>0x2000fba0</value>
         <object_component_ref idref="oc-518"/>
      </symbol>
      <symbol id="sm-7ea">
         <name>HwiP_Params_init</name>
         <value>0x2000f46d</value>
         <object_component_ref idref="oc-2e0"/>
      </symbol>
      <symbol id="sm-7eb">
         <name>HwiP_disable</name>
         <value>0x2000f555</value>
         <object_component_ref idref="oc-28c"/>
      </symbol>
      <symbol id="sm-7ec">
         <name>HwiP_key</name>
         <value>0x2000fb9c</value>
         <object_component_ref idref="oc-518"/>
      </symbol>
      <symbol id="sm-7ed">
         <name>HwiP_create</name>
         <value>0x2000f085</value>
         <object_component_ref idref="oc-2e6"/>
      </symbol>
      <symbol id="sm-7ee">
         <name>HwiP_post</name>
         <value>0x2000f5f9</value>
         <object_component_ref idref="oc-572"/>
      </symbol>
      <symbol id="sm-7ef">
         <name>HwiP_enable</name>
         <value>0x2000f563</value>
         <object_component_ref idref="oc-158"/>
      </symbol>
      <symbol id="sm-7f0">
         <name>HwiP_restore</name>
         <value>0x2000f515</value>
         <object_component_ref idref="oc-292"/>
      </symbol>
      <symbol id="sm-820">
         <name>PowerCC32XX_initPolicy</name>
         <value>0x2000d2e3</value>
         <object_component_ref idref="oc-358"/>
      </symbol>
      <symbol id="sm-821">
         <name>PowerCC32XX_sleepPolicy</name>
         <value>0x2000c8d9</value>
         <object_component_ref idref="oc-35e"/>
      </symbol>
      <symbol id="sm-876">
         <name>resetISR</name>
         <value>0x2000f305</value>
         <object_component_ref idref="oc-21"/>
      </symbol>
      <symbol id="sm-877">
         <name>resetVectorAddr</name>
         <value>0x2000f318</value>
         <object_component_ref idref="oc-21"/>
      </symbol>
      <symbol id="sm-878">
         <name>initVectors</name>
         <value>0x2000ee81</value>
         <object_component_ref idref="oc-59"/>
      </symbol>
      <symbol id="sm-879">
         <name>resetVectors</name>
         <value>0x20004000</value>
         <object_component_ref idref="oc-27"/>
      </symbol>
      <symbol id="sm-8a9">
         <name>SwiP_disable</name>
         <value>0x2000f27d</value>
         <object_component_ref idref="oc-43b"/>
      </symbol>
      <symbol id="sm-8aa">
         <name>SwiP_restore</name>
         <value>0x2000eb51</value>
         <object_component_ref idref="oc-475"/>
      </symbol>
      <symbol id="sm-8b5">
         <name>CPUcpsid</name>
         <value>0x2000f3f3</value>
         <object_component_ref idref="oc-a3"/>
      </symbol>
      <symbol id="sm-8fa">
         <name>IntVTableBaseSet</name>
         <value>0x2000f41d</value>
         <object_component_ref idref="oc-af"/>
      </symbol>
      <symbol id="sm-8fb">
         <name>IntEnable</name>
         <value>0x2000d7f1</value>
         <object_component_ref idref="oc-b5"/>
      </symbol>
      <symbol id="sm-8fc">
         <name>IntMasterDisable</name>
         <value>0x2000f5b9</value>
         <object_component_ref idref="oc-53"/>
      </symbol>
      <symbol id="sm-8fd">
         <name>IntPendSet</name>
         <value>0x2000de0d</value>
         <object_component_ref idref="oc-680"/>
      </symbol>
      <symbol id="sm-937">
         <name>PinModeGet</name>
         <value>0x2000ef91</value>
         <object_component_ref idref="oc-26b"/>
      </symbol>
      <symbol id="sm-938">
         <name>PinConfigSet</name>
         <value>0x2000de95</value>
         <object_component_ref idref="oc-2d4"/>
      </symbol>
      <symbol id="sm-939">
         <name>PinModeSet</name>
         <value>0x2000ec5d</value>
         <object_component_ref idref="oc-271"/>
      </symbol>
      <symbol id="sm-93a">
         <name>PinToPadGet</name>
         <value>0x2000f261</value>
         <object_component_ref idref="oc-5b1"/>
      </symbol>
      <symbol id="sm-a03">
         <name>PRCMLPDSRestoreInfoSet</name>
         <value>0x2000ea85</value>
         <object_component_ref idref="oc-662"/>
      </symbol>
      <symbol id="sm-a04">
         <name>PRCMPeripheralReset</name>
         <value>0x2000e5fd</value>
         <object_component_ref idref="oc-25f"/>
      </symbol>
      <symbol id="sm-a05">
         <name>PRCMLPDSEnter</name>
         <value>0x2000e921</value>
         <object_component_ref idref="oc-563"/>
      </symbol>
      <symbol id="sm-a06">
         <name>PRCMPeripheralClkEnable</name>
         <value>0x2000e969</value>
         <object_component_ref idref="oc-259"/>
      </symbol>
      <symbol id="sm-a07">
         <name>PRCMLPDSEnterKeepDebugIf</name>
         <value>0x2000ee11</value>
         <object_component_ref idref="oc-569"/>
      </symbol>
      <symbol id="sm-a08">
         <name>PRCMCC3200MCUInit</name>
         <value>0x2000c041</value>
         <object_component_ref idref="oc-1a9"/>
      </symbol>
      <symbol id="sm-a09">
         <name>PRCMHIBRegWrite</name>
         <value>0x2000f3c7</value>
         <object_component_ref idref="oc-24d"/>
      </symbol>
      <symbol id="sm-a0a">
         <name>PRCMSysResetCauseGet</name>
         <value>0x2000e48d</value>
         <object_component_ref idref="oc-246"/>
      </symbol>
      <symbol id="sm-a0b">
         <name>PRCMPeripheralClkDisable</name>
         <value>0x2000f0b1</value>
         <object_component_ref idref="oc-265"/>
      </symbol>
      <symbol id="sm-a0c">
         <name>PRCMHIBRegRead</name>
         <value>0x2000f3b1</value>
         <object_component_ref idref="oc-253"/>
      </symbol>
      <symbol id="sm-a20">
         <name>UARTBusy</name>
         <value>0x2000f351</value>
         <object_component_ref idref="oc-61b"/>
      </symbol>
      <symbol id="sm-a21">
         <name>UARTIntEnable</name>
         <value>0x2000f369</value>
         <object_component_ref idref="oc-6eb"/>
      </symbol>
      <symbol id="sm-a25">
         <name>UtilsDelay</name>
         <value>0x2000f5ef</value>
         <object_component_ref idref="oc-24c"/>
      </symbol>
      <symbol id="sm-a35">
         <name>FlashDisable</name>
         <value>0x2000e8d9</value>
         <object_component_ref idref="oc-678"/>
      </symbol>
      <symbol id="sm-a3e">
         <name>__aeabi_lmul</name>
         <value>0x2000f399</value>
         <object_component_ref idref="oc-46a"/>
      </symbol>
      <symbol id="sm-a59">
         <name>memcpy</name>
         <value>0x2000db25</value>
         <object_component_ref idref="oc-3b"/>
      </symbol>
      <symbol id="sm-a5a">
         <name>__aeabi_memcpy</name>
         <value>0x2000db25</value>
         <object_component_ref idref="oc-3b"/>
      </symbol>
      <symbol id="sm-a5b">
         <name>__aeabi_memcpy8</name>
         <value>0x2000db25</value>
         <object_component_ref idref="oc-3b"/>
      </symbol>
      <symbol id="sm-a5c">
         <name>__aeabi_memcpy4</name>
         <value>0x2000db25</value>
         <object_component_ref idref="oc-3b"/>
      </symbol>
      <symbol id="sm-a69">
         <name>__aeabi_uldivmod</name>
         <value>0x2000dc59</value>
         <object_component_ref idref="oc-45f"/>
      </symbol>
      <symbol id="sm-a7d">
         <name>__TI_zero_init_nomemset</name>
         <value>0x2000f299</value>
         <object_component_ref idref="oc-47"/>
      </symbol>
      <symbol id="sm-a94">
         <name>__TI_decompress_none</name>
         <value>0x2000f57f</value>
         <object_component_ref idref="oc-1a"/>
      </symbol>
      <symbol id="sm-ab7">
         <name>__TI_decompress_lzss</name>
         <value>0x2000e2f5</value>
         <object_component_ref idref="oc-14"/>
      </symbol>
      <symbol id="sm-b40">
         <name>_sys_memory</name>
         <value>0x20004040</value>
         <object_component_ref idref="oc-2a"/>
      </symbol>
      <symbol id="sm-b41">
         <name>free</name>
         <value>0x2000d135</value>
         <object_component_ref idref="oc-37a"/>
      </symbol>
      <symbol id="sm-b42">
         <name>memalign</name>
         <value>0x2000cf41</value>
         <object_component_ref idref="oc-508"/>
      </symbol>
      <symbol id="sm-b43">
         <name>malloc</name>
         <value>0x2000f5d7</value>
         <object_component_ref idref="oc-3e9"/>
      </symbol>
      <symbol id="sm-b44">
         <name>aligned_alloc</name>
         <value>0x2000cf41</value>
         <object_component_ref idref="oc-508"/>
      </symbol>
      <symbol id="sm-b56">
         <name>__stack</name>
         <value>0x20003000</value>
         <object_component_ref idref="oc-2d"/>
      </symbol>
      <symbol id="sm-b57">
         <name>_c_int00_noargs</name>
         <value>0x2000f1bd</value>
         <object_component_ref idref="oc-c5"/>
      </symbol>
      <symbol id="sm-b61">
         <name>__aeabi_idiv0</name>
         <value>0x2000ef27</value>
         <object_component_ref idref="oc-534"/>
      </symbol>
      <symbol id="sm-b62">
         <name>__aeabi_ldiv0</name>
         <value>0x2000ef27</value>
         <object_component_ref idref="oc-534"/>
      </symbol>
      <symbol id="sm-b8b">
         <name>__TI_auto_init_nobinit_nopinit</name>
         <value>0x2000ebd9</value>
         <object_component_ref idref="oc-171"/>
      </symbol>
      <symbol id="sm-b95">
         <name>_system_pre_init</name>
         <value>0x2000f601</value>
         <object_component_ref idref="oc-114"/>
      </symbol>
      <symbol id="sm-ba1">
         <name>C$$EXIT</name>
         <value>0x2000f605</value>
         <object_component_ref idref="oc-165"/>
      </symbol>
      <symbol id="sm-ba2">
         <name>abort</name>
         <value>0x2000f605</value>
         <object_component_ref idref="oc-165"/>
      </symbol>
      <symbol id="sm-bb7">
         <name>_nop</name>
         <value>0x2000dcef</value>
         <object_component_ref idref="oc-320"/>
      </symbol>
      <symbol id="sm-bb8">
         <name>_lock</name>
         <value>0x2000fb84</value>
         <object_component_ref idref="oc-200"/>
      </symbol>
      <symbol id="sm-bb9">
         <name>_unlock</name>
         <value>0x2000fb88</value>
         <object_component_ref idref="oc-200"/>
      </symbol>
      <symbol id="sm-bbb">
         <name>__TI_static_base__</name>
         <value>0x20010160</value>
      </symbol>
      <symbol id="sm-bbe">
         <name>ITM_flush</name>
         <value>0x0</value>
      </symbol>
      <symbol id="sm-bbf">
         <name>ITM_restore</name>
         <value>0x0</value>
      </symbol>
      <symbol id="sm-bc0">
         <name>__mpu_init</name>
         <value>0x0</value>
      </symbol>
      <symbol id="sm-bc1">
         <name>_system_post_cinit</name>
         <value>0x0</value>
      </symbol>
      <symbol id="sm-bc2">
         <name>NoRTOS_start</name>
         <value>0x2000f563</value>
      </symbol>
   </symbol_table>
   <title>Link successful</title>
</link_info>
