******************************************************************************
                  TI ARM Linker Unix v20.2.2                   
******************************************************************************
>> Linked Sun Mar 21 07:45:33 2021

OUTPUT FILE NAME:   <uartecho_CC3220S_LAUNCHXL_nortos_ccs.out>
ENTRY POINT SYMBOL: "resetISR"  address: 2000f305


MEMORY CONFIGURATION

         name            origin    length      used     unused   attr    fill
----------------------  --------  ---------  --------  --------  ----  --------
  SRAM2                 20000000   00004000  0000130c  00002cf4  RW X
  SRAM                  20004000   0003c000  0000c242  0002fdbe  RW X
  LOG_DATA              90000000   00040000  00000000  00040000  R   


SEGMENT ALLOCATION MAP

run origin  load origin   length   init length attrs members
----------  ----------- ---------- ----------- ----- -------
20003000    20003000    00001000   00000000    rw-
  20003000    20003000    00001000   00000000    rw- .stack
20004000    20004000    00000040   00000040    r--
  20004000    20004000    00000040   00000040    r-- .resetVecs
20004040    20004040    00008000   00000000    rw-
  20004040    20004040    00008000   00000000    rw- .sysmem
2000c040    2000c040    000035c8   000035c8    r-x
  2000c040    2000c040    000035c8   000035c8    r-x .text
2000f608    2000f608    000005ac   00000000    rw-
  2000f608    2000f608    000005ac   00000000    rw- .data
2000fbb4    2000fbb4    0000037a   0000037a    r--
  2000fbb4    2000fbb4    0000037a   0000037a    r-- .const
2000ff30    2000ff30    0000022c   00000000    rw-
  2000ff30    2000ff30    0000022c   00000000    rw- .bss
20010160    20010160    000000e8   000000e8    r--
  20010160    20010160    000000e8   000000e8    r-- .cinit


SECTION ALLOCATION MAP

 output                                  attributes/
section   page    origin      length       input sections
--------  ----  ----------  ----------   ----------------
.text      0    2000c040    000035c8     
                  2000c040    0000042c     driverlib.a : prcm.obj (.text:PRCMCC3200MCUInit)
                  2000c46c    00000288     drivers_cc32xx.a : UARTCC32XX.oem4 (.text:UARTCC32XX_open)
                  2000c6f4    000001e4                      : GPIOCC32XX.oem4 (.text:GPIO_setConfig)
                  2000c8d8    0000019c     nortos_cc32xx.a : PowerCC32XX_nortos.oem4 (.text:PowerCC32XX_sleepPolicy)
                  2000ca74    00000148     drivers_cc32xx.a : PowerCC32XX.oem4 (.text:parkPins)
                  2000cbbc    00000138                      : PowerCC32XX.oem4 (.text:Power_sleep)
                  2000ccf4    0000012c     uartecho.obj (.text:mainThread)
                  2000ce20    00000120     drivers_cc32xx.a : UARTCC32XX.oem4 (.text:UARTCC32XX_close)
                  2000cf40    00000100     rtsv7M4_T_le_eabi.lib : memory.c.obj (.text:aligned_alloc)
                  2000d040    000000f2     drivers_cc32xx.a : UARTCC32XX.oem4 (.text:UARTCC32XX_control)
                  2000d132    00000002     ti_drivers_config.obj (.text:Board_initHook)
                  2000d134    000000e4     rtsv7M4_T_le_eabi.lib : memory.c.obj (.text:free)
                  2000d218    000000ca     drivers_cc32xx.a : UARTCC32XX.oem4 (.text:UARTCC32XX_write)
                  2000d2e2    00000002     nortos_cc32xx.a : PowerCC32XX_nortos.oem4 (.text:PowerCC32XX_initPolicy)
                  2000d2e4    000000c4     drivers_cc32xx.a : GPIOCC32XX.oem4 (.text:GPIO_init)
                  2000d3a8    000000c0                      : PowerCC32XX.oem4 (.text:restoreParkedPins)
                  2000d468    000000ba                      : UARTCC32XX.oem4 (.text:UARTCC32XX_readPolling)
                  2000d522    00000002                      : UARTCC32XX.oem4 (.text:UARTCC32XX_init)
                  2000d524    000000b8                      : UARTCC32XX.oem4 (.text:initHw)
                  2000d5dc    000000b6                      : UARTCC32XX.oem4 (.text:readTaskCallback)
                  2000d692    000000b0                      : UARTCC32XX.oem4 (.text:readTaskBlocking)
                  2000d742    000000ae                      : UARTCC32XX.oem4 (.text:readIsrTextBlocking)
                  2000d7f0    000000a8     driverlib.a : interrupt.obj (.text:IntEnable)
                  2000d898    000000a8     drivers_cc32xx.a : PowerCC32XX.oem4 (.text:PowerCC32XX_configureWakeup)
                  2000d940    000000a2                      : UARTCC32XX.oem4 (.text:readIsrTextCallback)
                  2000d9e2    000000a2                      : UARTCC32XX.oem4 (.text:writeData)
                  2000da84    000000a0     nortos_cc32xx.a : SemaphoreP_nortos.oem4 (.text:SemaphoreP_pend)
                  2000db24    0000009c     rtsv7M4_T_le_eabi.lib : memcpy_t2.asm.obj (.text)
                  2000dbc0    00000098     drivers_cc32xx.a : GPIOCC32XX.oem4 (.text:powerNotifyFxn)
                  2000dc58    00000096     rtsv7M4_T_le_eabi.lib : ull_div_t2.asm.obj (.text)
                  2000dcee    00000002                           : _lock.c.obj (.text:_nop)
                  2000dcf0    00000090     drivers_cc32xx.a : PowerCC32XX.oem4 (.text:restoreNVICRegs)
                  2000dd80    0000008c     nortos_cc32xx.a : HwiPCC32XX_nortos.oem4 (.text:HwiP_construct)
                  2000de0c    00000088     driverlib.a : interrupt.obj (.text:IntPendSet)
                  2000de94    00000088                 : pin.obj (.text:PinConfigSet)
                  2000df1c    00000084     drivers_cc32xx.a : PowerCC32XX.oem4 (.text:Power_init)
                  2000dfa0    00000084                      : PowerCC32XX.oem4 (.text:saveNVICRegs)
                  2000e024    00000080                      : PowerCC32XX.oem4 (.text:Power_setDependency)
                  2000e0a4    0000007c                      : UARTCC32XX.oem4 (.text:readIsrBinaryBlocking)
                  2000e120    00000078                      : GPIOCC32XX.oem4 (.text:GPIO_hwiIntFxn)
                  2000e198    00000078                      : UARTCC32XX.oem4 (.text:readIsrBinaryCallback)
                  2000e210    00000074                      : UARTCC32XX.oem4 (.text:UARTCC32XX_hwiIntFxn)
                  2000e284    00000070     rtsv7M4_T_le_eabi.lib : memory.c.obj (.text:split)
                  2000e2f4    00000068                           : copy_decompress_lzss.c.obj (.text:decompress:lzss:__TI_decompress_lzss)
                  2000e35c    00000066     drivers_cc32xx.a : UARTCC32XX.oem4 (.text:UARTCC32XX_writeCancel)
                  2000e3c2    00000002     nortos_cc32xx.a : startup_cc32xx_ccs.oem4 (.text:busFaultHandler)
                  2000e3c4    00000064     drivers_cc32xx.a : PowerCC32XX.oem4 (.text:PowerCC32XX_setParkState)
                  2000e428    00000062                      : UARTCC32XX.oem4 (.text:UARTCC32XX_writePolling)
                  2000e48a    00000002     nortos_cc32xx.a : SemaphoreP_nortos.oem4 (.text:clkFxn)
                  2000e48c    00000060     driverlib.a : prcm.obj (.text:PRCMSysResetCauseGet)
                  2000e4ec    0000005c     drivers_cc32xx.a : GPIOCC32XX.oem4 (.text:GPIO_setCallback)
                  2000e548    0000005c     nortos_cc32xx.a : ClockPSysTick_nortos.oem4 (.text:sysTickInit)
                  2000e5a4    00000058     drivers_cc32xx.a : GPIOCC32XX.oem4 (.text:GPIO_write)
                  2000e5fc    00000058     driverlib.a : prcm.obj (.text:PRCMPeripheralReset)
                  2000e654    00000058     drivers_cc32xx.a : PowerCC32XX.oem4 (.text:Power_releaseDependency)
                  2000e6ac    00000054                      : UARTCC32XX.oem4 (.text:ringBufGet)
                  2000e700    00000052                      : PowerCC32XX_asm.oem4 (.text:PowerCC32XX_resumeLPDS)
                  2000e752    00000002     nortos_cc32xx.a : startup_cc32xx_ccs.oem4 (.text:defaultHandler)
                  2000e754    00000050                     : ClockPSysTick_nortos.oem4 (.text:ClockP_sysTickHandler)
                  2000e7a4    00000050                     : SemaphoreP_nortos.oem4 (.text:SemaphoreP_construct)
                  2000e7f4    0000004c     drivers_cc32xx.a : GPIOCC32XX.oem4 (.text:GPIO_enableInt)
                  2000e840    0000004c                      : PowerCC32XX.oem4 (.text:PowerCC32XX_parkPin)
                  2000e88c    0000004c                      : PowerCC32XX.oem4 (.text:restorePeriphClocks)
                  2000e8d8    00000048     driverlib.a : flash.obj (.text:FlashDisable)
                  2000e920    00000048                 : prcm.obj (.text:PRCMLPDSEnter)
                  2000e968    00000048                 : prcm.obj (.text:PRCMPeripheralClkEnable)
                  2000e9b0    00000048     drivers_cc32xx.a : PowerCC32XX.oem4 (.text:Power_releaseConstraint)
                  2000e9f8    00000046                      : RingBuf.oem4 (.text:RingBuf_put)
                  2000ea3e    00000002     nortos_cc32xx.a : startup_cc32xx_ccs.oem4 (.text:faultISR)
                  2000ea40    00000044                     : ClockPSysTick_nortos.oem4 (.text:ClockP_stop)
                  2000ea84    00000044     driverlib.a : prcm.obj (.text:PRCMLPDSRestoreInfoSet)
                  2000eac8    00000044     drivers_cc32xx.a : PowerCC32XX_asm.oem4 (.text:PowerCC32XX_enterLPDS)
                  2000eb0c    00000044     nortos_cc32xx.a : SemaphoreP_nortos.oem4 (.text:SemaphoreP_post)
                  2000eb50    00000044                     : SwiP_nortos.oem4 (.text:SwiP_restore)
                  2000eb94    00000044     drivers_cc32xx.a : UART.oem4 (.text:UART_init)
                  2000ebd8    00000044     rtsv7M4_T_le_eabi.lib : autoinit.c.obj (.text:__TI_auto_init_nobinit_nopinit:__TI_auto_init_nobinit_nopinit)
                  2000ec1c    00000040     nortos_cc32xx.a : ClockPSysTick_nortos.oem4 (.text:ClockP_construct)
                  2000ec5c    00000040     driverlib.a : pin.obj (.text:PinModeSet)
                  2000ec9c    00000040     drivers_cc32xx.a : RingBuf.oem4 (.text:RingBuf_get)
                  2000ecdc    00000040                      : UARTCC32XX.oem4 (.text:UARTCC32XX_read)
                  2000ed1c    00000040                      : UART.oem4 (.text:UART_open)
                  2000ed5c    0000003c     nortos_cc32xx.a : ClockPSysTick_nortos.oem4 (.text:ClockP_destruct)
                  2000ed98    0000003c     drivers_cc32xx.a : PowerCC32XX.oem4 (.text:Power_setConstraint)
                  2000edd4    0000003a     nortos_cc32xx.a : PowerCC32XX_nortos.oem4 (.text:getCountsRTC)
                  2000ee0e    00000002                     : startup_cc32xx_ccs.oem4 (.text:nmiISR)
                  2000ee10    00000038     driverlib.a : prcm.obj (.text:PRCMLPDSEnterKeepDebugIf)
                  2000ee48    00000038     nortos_cc32xx.a : ClockPSysTick_nortos.oem4 (.text:addToList)
                  2000ee80    00000038                     : startup_cc32xx_ccs.oem4 (.text:initVectors)
                  2000eeb8    00000038     drivers_cc32xx.a : PowerCC32XX.oem4 (.text:notify)
                  2000eef0    00000036                      : UARTCC32XX.oem4 (.text:UARTCC32XX_readCancel)
                  2000ef26    00000002     rtsv7M4_T_le_eabi.lib : div0.asm.obj (.text)
                  2000ef28    00000034     nortos_cc32xx.a : ClockPSysTick_nortos.oem4 (.text:ClockP_getTicksUntilInterrupt)
                  2000ef5c    00000034                     : ClockPSysTick_nortos.oem4 (.text:ClockP_startup)
                  2000ef90    00000034     driverlib.a : pin.obj (.text:PinModeGet)
                  2000efc4    00000034     drivers_cc32xx.a : PowerCC32XX.oem4 (.text:PowerCC32XX_restoreParkState)
                  2000eff8    00000030     nortos_cc32xx.a : ClockPSysTick_nortos.oem4 (.text:ClockP_start)
                  2000f028    00000030     drivers_cc32xx.a : PowerCC32XX.oem4 (.text:PowerCC32XX_restoreParkedPin)
                  2000f058    0000002c                      : PowerCC32XX.oem4 (.text:PowerCC32XX_getParkState)
                  2000f084    0000002a     nortos_cc32xx.a : HwiPCC32XX_nortos.oem4 (.text:HwiP_create)
                  2000f0ae    00000002     --HOLE-- [fill = 0]
                  2000f0b0    00000028     driverlib.a : prcm.obj (.text:PRCMPeripheralClkDisable)
                  2000f0d8    00000028     drivers_cc32xx.a : PowerCC32XX.oem4 (.text:Power_registerNotify)
                  2000f100    00000028     rtsv7M4_T_le_eabi.lib : memory.c.obj (.text:free_list_insert)
                  2000f128    00000026     drivers_cc32xx.a : List.oem4 (.text:List_put)
                  2000f14e    00000026                      : List.oem4 (.text:List_remove)
                  2000f174    00000024     nortos_cc32xx.a : HwiPCC32XX_nortos.oem4 (.text:HwiP_dispatch)
                  2000f198    00000024     drivers_cc32xx.a : PowerCC32XX.oem4 (.text:PowerCC32XX_reset)
                  2000f1bc    00000024     rtsv7M4_T_le_eabi.lib : boot_cortex_m.c.obj (.text:_c_int00_noargs:_c_int00_noargs)
                  2000f1e0    00000020     nortos_cc32xx.a : HwiPCC32XX_nortos.oem4 (.text:HwiP_destruct)
                  2000f200    00000020     drivers_cc32xx.a : PowerCC32XX.oem4 (.text:Power_unregisterNotify)
                  2000f220    00000020                      : RingBuf.oem4 (.text:RingBuf_peek)
                  2000f240    00000020                      : UARTCC32XX.oem4 (.text:getPowerMgrId)
                  2000f260    0000001c     driverlib.a : pin.obj (.text:PinToPadGet)
                  2000f27c    0000001c     nortos_cc32xx.a : SwiP_nortos.oem4 (.text:SwiP_disable)
                  2000f298    0000001c     rtsv7M4_T_le_eabi.lib : copy_zero_init.c.obj (.text:decompress:ZI:__TI_zero_init_nomemset:__TI_zero_init_nomemset)
                  2000f2b4    0000001c                           : memory.c.obj (.text:free_list_remove)
                  2000f2d0    0000001a     nortos_cc32xx.a : ClockPSysTick_nortos.oem4 (.text:ClockP_create)
                  2000f2ea    0000001a                     : SemaphoreP_nortos.oem4 (.text:SemaphoreP_createBinary)
                  2000f304    0000001a                     : startup_cc32xx_ccs.oem4 (.text:resetISR)
                  2000f31e    00000002     --HOLE-- [fill = 0]
                  2000f320    00000018     drivers_cc32xx.a : PowerCC32XX.oem4 (.text:Power_getTransitionLatency)
                  2000f338    00000018                      : PowerCC32XX.oem4 (.text:Power_idleFunc)
                  2000f350    00000018     driverlib.a : uart.obj (.text:UARTBusy)
                  2000f368    00000018                 : uart.obj (.text:UARTIntEnable)
                  2000f380    00000018     drivers_cc32xx.a : UART.oem4 (.text:UART_Params_init)
                  2000f398    00000018     rtsv7M4_T_le_eabi.lib : ll_mul_t2.asm.obj (.text)
                  2000f3b0    00000016     driverlib.a : prcm.obj (.text:PRCMHIBRegRead)
                  2000f3c6    00000016                 : prcm.obj (.text:PRCMHIBRegWrite)
                  2000f3dc    00000016     nortos_cc32xx.a : SemaphoreP_nortos.oem4 (.text:SemaphoreP_create)
                  2000f3f2    00000014     driverlib.a : cpu.obj (.text:CPUcpsid)
                  2000f406    00000002     --HOLE-- [fill = 0]
                  2000f408    00000014     nortos_cc32xx.a : HwiPCC32XX_nortos.oem4 (.text:HwiP_inISR)
                  2000f41c    00000014     driverlib.a : interrupt.obj (.text:IntVTableBaseSet)
                  2000f430    00000014     drivers_cc32xx.a : PowerCC32XX.oem4 (.text:Power_disablePolicy)
                  2000f444    00000014                      : PowerCC32XX.oem4 (.text:Power_getDependencyCount)
                  2000f458    00000014                      : UARTCC32XX.oem4 (.text:releasePowerConstraint)
                  2000f46c    00000012     nortos_cc32xx.a : HwiPCC32XX_nortos.oem4 (.text:HwiP_Params_init)
                  2000f47e    00000012     drivers_cc32xx.a : RingBuf.oem4 (.text:RingBuf_construct)
                  2000f490    00000012     main_nortos.obj (.text:main)
                  2000f4a2    00000010     ti_drivers_config.obj (.text:Board_init)
                  2000f4b2    00000010     nortos_cc32xx.a : ClockPSysTick_nortos.oem4 (.text:ClockP_add)
                  2000f4c2    00000010                     : ClockPSysTick_nortos.oem4 (.text:ClockP_delete)
                  2000f4d2    00000002     --HOLE-- [fill = 0]
                  2000f4d4    00000010                     : ClockPSysTick_nortos.oem4 (.text:ClockP_getCpuFreq)
                  2000f4e4    00000010                     : ClockPSysTick_nortos.oem4 (.text:ClockP_getSystemTicks)
                  2000f4f4    00000010                     : ClockPSysTick_nortos.oem4 (.text:ClockP_setTicks)
                  2000f504    00000010                     : HwiPCC32XX_nortos.oem4 (.text:HwiP_delete)
                  2000f514    00000010                     : HwiPCC32XX_nortos.oem4 (.text:HwiP_restore)
                  2000f524    00000010     drivers_cc32xx.a : PowerCC32XX.oem4 (.text:Power_enablePolicy)
                  2000f534    00000010     nortos_cc32xx.a : SemaphoreP_nortos.oem4 (.text:SemaphoreP_Params_init)
                  2000f544    00000010     drivers_cc32xx.a : UARTCC32XX.oem4 (.text:readBlockingTimeout)
                  2000f554    0000000e     nortos_cc32xx.a : HwiPCC32XX_nortos.oem4 (.text:HwiP_disable)
                  2000f562    0000000e                     : HwiPCC32XX_nortos.oem4 (.text:HwiP_enable)
                  2000f570    0000000e     drivers_cc32xx.a : RingBuf.oem4 (.text:RingBuf_isFull)
                  2000f57e    0000000e     rtsv7M4_T_le_eabi.lib : copy_decompress_none.c.obj (.text:decompress:none:__TI_decompress_none)
                  2000f58c    0000000c     drivers_cc32xx.a : PowerCC32XX.oem4 (.text:Power_getConstraintMask)
                  2000f598    0000000c                      : UARTCC32XX.oem4 (.text:postNotifyFxn)
                  2000f5a4    0000000a     nortos_cc32xx.a : ClockPSysTick_nortos.oem4 (.text:ClockP_Params_init)
                  2000f5ae    0000000a                     : ClockPSysTick_nortos.oem4 (.text:ClockP_isActive)
                  2000f5b8    0000000a     driverlib.a : interrupt.obj (.text:IntMasterDisable)
                  2000f5c2    0000000a     drivers_cc32xx.a : UART.oem4 (.text:UART_read)
                  2000f5cc    0000000a                      : UART.oem4 (.text:UART_write)
                  2000f5d6    00000008     rtsv7M4_T_le_eabi.lib : memory.c.obj (.text:malloc)
                  2000f5de    00000008     drivers_cc32xx.a : UARTCC32XX.oem4 (.text:readSemCallback)
                  2000f5e6    00000008                      : UARTCC32XX.oem4 (.text:writeSemCallback)
                  2000f5ee    00000006     driverlib.a : utils.obj (.text:UtilsDelay)
                  2000f5f4    00000004     nortos_cc32xx.a : ClockPSysTick_nortos.oem4 (.text:ClockP_setTimeout)
                  2000f5f8    00000004                     : HwiPCC32XX_nortos.oem4 (.text:HwiP_post)
                  2000f5fc    00000004                     : SemaphoreP_nortos.oem4 (.text:SemaphoreP_delete)
                  2000f600    00000004     rtsv7M4_T_le_eabi.lib : pre_init.c.obj (.text:_system_pre_init)
                  2000f604    00000004                           : exit.c.obj (.text:abort:abort)

.const     0    2000fbb4    0000037a     
                  2000fbb4    00000100     driverlib.a : pin.obj (.const:g_ulPinToPadMap)
                  2000fcb4    000000a8                 : prcm.obj (.const:PRCM_PeriphRegsList)
                  2000fd5c    00000044     ti_drivers_config.obj (.const:PowerCC32XX_config)
                  2000fda0    00000028     drivers_cc32xx.a : UARTCC32XX.oem4 (.const:UARTCC32XX_fxnTable)
                  2000fdc8    00000024                      : UART.oem4 (.const:UART_defaultParams)
                  2000fdec    00000024     ti_drivers_config.obj (.const:uartCC32XXHWAttrs0)
                  2000fe10    00000021     drivers_cc32xx.a : GPIOCC32XX.oem4 (.const:.string:pinTable)
                  2000fe31    00000003     ti_drivers_config.obj (.const)
                  2000fe34    00000020     drivers_cc32xx.a : UARTCC32XX.oem4 (.const:staticFxnTable)
                  2000fe54    00000018     driverlib.a : interrupt.obj (.const:g_pulEnRegs)
                  2000fe6c    00000018                 : interrupt.obj (.const:g_pulPendRegs)
                  2000fe84    00000016     uartecho.obj (.const:.string:$P$T0$1)
                  2000fe9a    00000002     --HOLE-- [fill = 0]
                  2000fe9c    00000014     ti_drivers_config.obj (.const:GPIOCC32XX_config)
                  2000feb0    00000014     drivers_cc32xx.a : GPIOCC32XX.oem4 (.const:gpioBaseAddresses)
                  2000fec4    00000014                      : UARTCC32XX.oem4 (.const:parityType)
                  2000fed8    00000014                      : GPIOCC32XX.oem4 (.const:powerResources)
                  2000feec    00000010                      : UARTCC32XX.oem4 (.const:dataLength)
                  2000fefc    0000000c     ti_drivers_config.obj (.const:UART_config)
                  2000ff08    00000008     drivers_cc32xx.a : GPIOCC32XX.oem4 (.const:outPinTypes)
                  2000ff10    00000008                      : UARTCC32XX.oem4 (.const:stopBits)
                  2000ff18    00000006                      : GPIOCC32XX.oem4 (.const:.string:interruptType)
                  2000ff1e    00000006                      : GPIOCC32XX.oem4 (.const:inPinTypes)
                  2000ff24    00000006                      : GPIOCC32XX.oem4 (.const:outPinStrengths)
                  2000ff2a    00000004                      : GPIOCC32XX.oem4 (.const:.string:portInterruptIds)

.cinit     0    20010160    000000e8     
                  20010160    000000be     (.cinit..data.load) [load image, compression = lzss]
                  2001021e    00000002     --HOLE-- [fill = 0]
                  20010220    0000000c     (__TI_handler_table)
                  2001022c    00000004     --HOLE-- [fill = 0]
                  20010230    00000008     (.cinit..bss.load) [load image, compression = zero_init]
                  20010238    00000010     (__TI_cinit_table)

.init_array 
*          0    20004000    00000000     UNINITIALIZED

.ramVecs   0    20000000    0000030c     NOLOAD SECTION
                  20000000    0000030c     nortos_cc32xx.a : startup_cc32xx_ccs.oem4 (.ramVecs)

.stack     0    20003000    00001000     UNINITIALIZED
                  20003000    00000004     rtsv7M4_T_le_eabi.lib : boot_cortex_m.c.obj (.stack)
                  20003004    00000ffc     --HOLE--

.resetVecs 
*          0    20004000    00000040     
                  20004000    00000040     nortos_cc32xx.a : startup_cc32xx_ccs.oem4 (.resetVecs:retain)

.sysmem    0    20004040    00008000     UNINITIALIZED
                  20004040    00000010     rtsv7M4_T_le_eabi.lib : memory.c.obj (.sysmem)
                  20004050    00007ff0     --HOLE--

.data      0    2000f608    000005ac     UNINITIALIZED
                  2000f608    0000030c     nortos_cc32xx.a : HwiPCC32XX_nortos.oem4 (.data:HwiP_dispatchTable)
                  2000f914    0000016c     drivers_cc32xx.a : PowerCC32XX.oem4 (.data:PowerCC32XX_module)
                  2000fa80    000000f8     ti_drivers_config.obj (.data:parkInfo)
                  2000fb78    00000009     drivers_cc32xx.a : GPIOCC32XX.oem4 (.data)
                  2000fb81    00000003     nortos_cc32xx.a : SemaphoreP_nortos.oem4 (.data)
                  2000fb84    00000008     rtsv7M4_T_le_eabi.lib : _lock.c.obj (.data:$O1$$)
                  2000fb8c    00000008                           : memory.c.obj (.data:$O1$$)
                  2000fb94    00000008     nortos_cc32xx.a : SemaphoreP_nortos.oem4 (.data:SemaphoreP_defaultParams)
                  2000fb9c    00000008                     : HwiPCC32XX_nortos.oem4 (.data)
                  2000fba4    00000005                     : ClockPSysTick_nortos.oem4 (.data)
                  2000fba9    00000001     drivers_cc32xx.a : UART.oem4 (.data)
                  2000fbaa    00000002     --HOLE--
                  2000fbac    00000004     ti_drivers_config.obj (.data:gpioCallbackFunctions)
                  2000fbb0    00000004     ti_drivers_config.obj (.data:gpioPinConfigs)

.bss       0    2000ff30    0000022c     UNINITIALIZED
                  2000ff30    0000012c     (.common:PowerCC32XX_contextSave)
                  2001005c    00000084     (.common:uartCC32XXObjects0)
                  200100e0    00000020     drivers_cc32xx.a : GPIOCC32XX.oem4 (.bss:gpioCallbackInfo)
                  20010100    00000020     ti_drivers_config.obj (.bss:uartCC32XXRingBuffer0)
                  20010120    00000014     drivers_cc32xx.a : GPIOCC32XX.oem4 (.bss:powerNotifyObj)
                  20010134    00000004                      : GPIOCC32XX.oem4 (.bss)
                  20010138    00000010     (.common:ClockP_ctrl)
                  20010148    0000000d     nortos_cc32xx.a : SwiP_nortos.oem4 (.bss)
                  20010155    00000003     --HOLE--
                  20010158    00000004                     : ClockPSysTick_nortos.oem4 (.bss)

.log_data 
*          0    90000000    00000000     COPY SECTION

__llvm_prf_cnts 
*          0    20004000    00000000     UNINITIALIZED

MODULE SUMMARY

       Module                       code    ro data   rw data
       ------                       ----    -------   -------
    ./
       uartecho.obj                 300     22        0      
       main_nortos.obj              18      0         0      
    +--+----------------------------+-------+---------+---------+
       Total:                       318     22        0      
                                                             
    ./syscfg/
       ti_drivers_config.obj        18      139       420    
    +--+----------------------------+-------+---------+---------+
       Total:                       18      139       420    
                                                             
    /Applications/ti/ccs1020/ccs/tools/compiler/ti-cgt-arm_20.2.2.LTS/lib/rtsv7M4_T_le_eabi.lib
       memory.c.obj                 672     0         8      
       memcpy_t2.asm.obj            156     0         0      
       ull_div_t2.asm.obj           150     0         0      
       copy_decompress_lzss.c.obj   104     0         0      
       autoinit.c.obj               68      0         0      
       boot_cortex_m.c.obj          36      0         0      
       copy_zero_init.c.obj         28      0         0      
       ll_mul_t2.asm.obj            24      0         0      
       copy_decompress_none.c.obj   14      0         0      
       _lock.c.obj                  2       0         8      
       exit.c.obj                   4       0         0      
       pre_init.c.obj               4       0         0      
       div0.asm.obj                 2       0         0      
    +--+----------------------------+-------+---------+---------+
       Total:                       1264    0         16     
                                                             
    /Applications/ti/simplelink_cc32xx_sdk_4_40_00_07/kernel/nortos/lib/ccs/m4/nortos_cc32xx.a
       HwiPCC32XX_nortos.oem4       352     0         788    
       startup_cc32xx_ccs.oem4      90      64        780    
       ClockPSysTick_nortos.oem4    702     0         25     
       PowerCC32XX_nortos.oem4      472     0         0      
       SemaphoreP_nortos.oem4       378     0         11     
       SwiP_nortos.oem4             96      0         13     
    +--+----------------------------+-------+---------+---------+
       Total:                       2090    64        1617   
                                                             
    /Applications/ti/simplelink_cc32xx_sdk_4_40_00_07/source/ti/devices/cc32xx/driverlib/ccs/Release/driverlib.a
       prcm.obj                     1604    168       0      
       pin.obj                      280     256       0      
       interrupt.obj                334     48        0      
       flash.obj                    72      0         0      
       uart.obj                     48      0         0      
       cpu.obj                      20      0         0      
       utils.obj                    6       0         0      
    +--+----------------------------+-------+---------+---------+
       Total:                       2364    472       0      
                                                             
    /Applications/ti/simplelink_cc32xx_sdk_4_40_00_07/source/ti/drivers/lib/ccs/m4/drivers_cc32xx.a
       UARTCC32XX.oem4              3466    116       0      
       PowerCC32XX.oem4             2432    0         664    
       GPIOCC32XX.oem4              1208    103       65     
       UART.oem4                    176     36        1      
       RingBuf.oem4                 198     0         0      
       PowerCC32XX_asm.oem4         150     0         0      
       List.oem4                    76      0         0      
    +--+----------------------------+-------+---------+---------+
       Total:                       7706    255       730    
                                                             
       Heap:                        0       0         32768  
       Stack:                       0       0         4096   
       Linker Generated:            0       226       0      
    +--+----------------------------+-------+---------+---------+
       Grand Total:                 13760   1178      39647  


LINKER GENERATED COPY TABLES

__TI_cinit_table @ 20010238 records: 2, size/record: 8, table size: 16
	.data: load addr=20010160, load size=000000be bytes, run addr=2000f608, run size=000005ac bytes, compression=lzss
	.bss: load addr=20010230, load size=00000008 bytes, run addr=2000ff30, run size=0000022c bytes, compression=zero_init


LINKER GENERATED HANDLER TABLE

__TI_handler_table @ 20010220 records: 3, size/record: 4, table size: 12
	index: 0, handler: __TI_decompress_lzss
	index: 1, handler: __TI_decompress_none
	index: 2, handler: __TI_zero_init


GLOBAL SYMBOLS: SORTED ALPHABETICALLY BY Name 

address   name                          
-------   ----                          
2000f4a3  Board_init                    
2000d133  Board_initHook                
2000f605  C$$EXIT                       
2000fe31  CONFIG_GPIO_LED_0_CONST       
2000fe32  CONFIG_UART_0_CONST           
2000f3f3  CPUcpsid                      
2000f5a5  ClockP_Params_init            
2000f4b3  ClockP_add                    
2000ec1d  ClockP_construct              
2000f2d1  ClockP_create                 
20010138  ClockP_ctrl                   
2000f4c3  ClockP_delete                 
2000ed5d  ClockP_destruct               
2000e755  ClockP_doTick                 
2000f4d5  ClockP_getCpuFreq             
2000f4e5  ClockP_getSystemTicks         
2000ef29  ClockP_getTicksUntilInterrupt 
2000f5af  ClockP_isActive               
2000f4f5  ClockP_setTicks               
2000f5f5  ClockP_setTimeout             
2000eff9  ClockP_start                  
2000ef5d  ClockP_startup                
2000ea41  ClockP_stop                   
2000e755  ClockP_sysTickHandler         
2000fba4  ClockP_tickPeriod             
2000e8d9  FlashDisable                  
2000fe9c  GPIOCC32XX_config             
2000e7f5  GPIO_enableInt                
2000e121  GPIO_hwiIntFxn                
2000d2e5  GPIO_init                     
2000e4ed  GPIO_setCallback              
2000c6f5  GPIO_setConfig                
2000e5a5  GPIO_write                    
2000f46d  HwiP_Params_init              
2000dd81  HwiP_construct                
2000f085  HwiP_create                   
2000f505  HwiP_delete                   
2000f1e1  HwiP_destruct                 
2000f555  HwiP_disable                  
2000f175  HwiP_dispatch                 
2000f563  HwiP_enable                   
2000f409  HwiP_inISR                    
2000fb9c  HwiP_key                      
2000f5f9  HwiP_post                     
2000f515  HwiP_restore                  
2000fba0  HwiP_swiPIntNum               
UNDEFED   ITM_flush                     
UNDEFED   ITM_restore                   
2000d7f1  IntEnable                     
2000f5b9  IntMasterDisable              
2000de0d  IntPendSet                    
2000f41d  IntVTableBaseSet              
2000f129  List_put                      
2000f14f  List_remove                   
2000f563  NoRTOS_start                  
2000c041  PRCMCC3200MCUInit             
2000f3b1  PRCMHIBRegRead                
2000f3c7  PRCMHIBRegWrite               
2000e921  PRCMLPDSEnter                 
2000ee11  PRCMLPDSEnterKeepDebugIf      
2000ea85  PRCMLPDSRestoreInfoSet        
2000f0b1  PRCMPeripheralClkDisable      
2000e969  PRCMPeripheralClkEnable       
2000e5fd  PRCMPeripheralReset           
2000e48d  PRCMSysResetCauseGet          
2000de95  PinConfigSet                  
2000ef91  PinModeGet                    
2000ec5d  PinModeSet                    
2000f261  PinToPadGet                   
2000fd5c  PowerCC32XX_config            
2000d899  PowerCC32XX_configureWakeup   
2000ff30  PowerCC32XX_contextSave       
2000eac9  PowerCC32XX_enterLPDS         
2000f059  PowerCC32XX_getParkState      
2000d2e3  PowerCC32XX_initPolicy        
2000f914  PowerCC32XX_module            
2000e841  PowerCC32XX_parkPin           
2000f199  PowerCC32XX_reset             
2000efc5  PowerCC32XX_restoreParkState  
2000f029  PowerCC32XX_restoreParkedPin  
2000e701  PowerCC32XX_resumeLPDS        
2000e3c5  PowerCC32XX_setParkState      
2000c8d9  PowerCC32XX_sleepPolicy       
2000f431  Power_disablePolicy           
2000f525  Power_enablePolicy            
2000f58d  Power_getConstraintMask       
2000f445  Power_getDependencyCount      
2000f321  Power_getTransitionLatency    
2000f339  Power_idleFunc                
2000df1d  Power_init                    
2000f0d9  Power_registerNotify          
2000e9b1  Power_releaseConstraint       
2000e655  Power_releaseDependency       
2000ed99  Power_setConstraint           
2000e025  Power_setDependency           
2000cbbd  Power_sleep                   
2000f201  Power_unregisterNotify        
2000f47f  RingBuf_construct             
2000ec9d  RingBuf_get                   
2000f571  RingBuf_isFull                
2000f221  RingBuf_peek                  
2000e9f9  RingBuf_put                   
2000f535  SemaphoreP_Params_init        
2000e7a5  SemaphoreP_construct          
2000f3dd  SemaphoreP_create             
2000f2eb  SemaphoreP_createBinary       
2000fb94  SemaphoreP_defaultParams      
2000f5fd  SemaphoreP_delete             
2000da85  SemaphoreP_pend               
2000eb0d  SemaphoreP_post               
2000f27d  SwiP_disable                  
2000eb51  SwiP_restore                  
2000f351  UARTBusy                      
2000ce21  UARTCC32XX_close              
2000d041  UARTCC32XX_control            
2000fda0  UARTCC32XX_fxnTable           
2000d523  UARTCC32XX_init               
2000c46d  UARTCC32XX_open               
2000ecdd  UARTCC32XX_read               
2000eef1  UARTCC32XX_readCancel         
2000d469  UARTCC32XX_readPolling        
2000d219  UARTCC32XX_write              
2000e35d  UARTCC32XX_writeCancel        
2000e429  UARTCC32XX_writePolling       
2000f369  UARTIntEnable                 
2000f381  UART_Params_init              
2000fefc  UART_config                   
2000fe33  UART_count                    
2000fdc8  UART_defaultParams            
2000eb95  UART_init                     
2000ed1d  UART_open                     
2000f5c3  UART_read                     
2000f5cd  UART_write                    
2000f5ef  UtilsDelay                    
20004000  __STACK_END                   
00001000  __STACK_SIZE                  
00008000  __SYSMEM_SIZE                 
20010238  __TI_CINIT_Base               
20010248  __TI_CINIT_Limit              
20010220  __TI_Handler_Table_Base       
2001022c  __TI_Handler_Table_Limit      
2000ebd9  __TI_auto_init_nobinit_nopinit
2000e2f5  __TI_decompress_lzss          
2000f57f  __TI_decompress_none          
ffffffff  __TI_pprof_out_hndl           
ffffffff  __TI_prof_data_size           
ffffffff  __TI_prof_data_start          
20010160  __TI_static_base__            
2000f299  __TI_zero_init_nomemset       
2000ef27  __aeabi_idiv0                 
2000ef27  __aeabi_ldiv0                 
2000f399  __aeabi_lmul                  
2000db25  __aeabi_memcpy                
2000db25  __aeabi_memcpy4               
2000db25  __aeabi_memcpy8               
2000dc59  __aeabi_uldivmod              
ffffffff  __binit__                     
ffffffff  __c_args__                    
UNDEFED   __mpu_init                    
20003000  __stack                       
20004000  __start___llvm_prf_cnts       
20004000  __stop___llvm_prf_cnts        
2000f1bd  _c_int00_noargs               
2000fb84  _lock                         
2000dcef  _nop                          
20004040  _sys_memory                   
UNDEFED   _system_post_cinit            
2000f601  _system_pre_init              
2000fb88  _unlock                       
2000f605  abort                         
2000cf41  aligned_alloc                 
ffffffff  binit                         
2000e48b  clkFxn                        
2000d135  free                          
2000fbac  gpioCallbackFunctions         
2000fbb0  gpioPinConfigs                
2000ff1e  inPinTypes                    
2000ee81  initVectors                   
2000f491  main                          
2000ccf5  mainThread                    
2000f5d7  malloc                        
2000cf41  memalign                      
2000db25  memcpy                        
2000ff24  outPinStrengths               
2000ff08  outPinTypes                   
2000fa80  parkInfo                      
2000f305  resetISR                      
2000f318  resetVectorAddr               
20004000  resetVectors                  
2001005c  uartCC32XXObjects0            


GLOBAL SYMBOLS: SORTED BY Symbol Address 

address   name                          
-------   ----                          
00001000  __STACK_SIZE                  
00008000  __SYSMEM_SIZE                 
20003000  __stack                       
20004000  __STACK_END                   
20004000  __start___llvm_prf_cnts       
20004000  __stop___llvm_prf_cnts        
20004000  resetVectors                  
20004040  _sys_memory                   
2000c041  PRCMCC3200MCUInit             
2000c46d  UARTCC32XX_open               
2000c6f5  GPIO_setConfig                
2000c8d9  PowerCC32XX_sleepPolicy       
2000cbbd  Power_sleep                   
2000ccf5  mainThread                    
2000ce21  UARTCC32XX_close              
2000cf41  aligned_alloc                 
2000cf41  memalign                      
2000d041  UARTCC32XX_control            
2000d133  Board_initHook                
2000d135  free                          
2000d219  UARTCC32XX_write              
2000d2e3  PowerCC32XX_initPolicy        
2000d2e5  GPIO_init                     
2000d469  UARTCC32XX_readPolling        
2000d523  UARTCC32XX_init               
2000d7f1  IntEnable                     
2000d899  PowerCC32XX_configureWakeup   
2000da85  SemaphoreP_pend               
2000db25  __aeabi_memcpy                
2000db25  __aeabi_memcpy4               
2000db25  __aeabi_memcpy8               
2000db25  memcpy                        
2000dc59  __aeabi_uldivmod              
2000dcef  _nop                          
2000dd81  HwiP_construct                
2000de0d  IntPendSet                    
2000de95  PinConfigSet                  
2000df1d  Power_init                    
2000e025  Power_setDependency           
2000e121  GPIO_hwiIntFxn                
2000e2f5  __TI_decompress_lzss          
2000e35d  UARTCC32XX_writeCancel        
2000e3c5  PowerCC32XX_setParkState      
2000e429  UARTCC32XX_writePolling       
2000e48b  clkFxn                        
2000e48d  PRCMSysResetCauseGet          
2000e4ed  GPIO_setCallback              
2000e5a5  GPIO_write                    
2000e5fd  PRCMPeripheralReset           
2000e655  Power_releaseDependency       
2000e701  PowerCC32XX_resumeLPDS        
2000e755  ClockP_doTick                 
2000e755  ClockP_sysTickHandler         
2000e7a5  SemaphoreP_construct          
2000e7f5  GPIO_enableInt                
2000e841  PowerCC32XX_parkPin           
2000e8d9  FlashDisable                  
2000e921  PRCMLPDSEnter                 
2000e969  PRCMPeripheralClkEnable       
2000e9b1  Power_releaseConstraint       
2000e9f9  RingBuf_put                   
2000ea41  ClockP_stop                   
2000ea85  PRCMLPDSRestoreInfoSet        
2000eac9  PowerCC32XX_enterLPDS         
2000eb0d  SemaphoreP_post               
2000eb51  SwiP_restore                  
2000eb95  UART_init                     
2000ebd9  __TI_auto_init_nobinit_nopinit
2000ec1d  ClockP_construct              
2000ec5d  PinModeSet                    
2000ec9d  RingBuf_get                   
2000ecdd  UARTCC32XX_read               
2000ed1d  UART_open                     
2000ed5d  ClockP_destruct               
2000ed99  Power_setConstraint           
2000ee11  PRCMLPDSEnterKeepDebugIf      
2000ee81  initVectors                   
2000eef1  UARTCC32XX_readCancel         
2000ef27  __aeabi_idiv0                 
2000ef27  __aeabi_ldiv0                 
2000ef29  ClockP_getTicksUntilInterrupt 
2000ef5d  ClockP_startup                
2000ef91  PinModeGet                    
2000efc5  PowerCC32XX_restoreParkState  
2000eff9  ClockP_start                  
2000f029  PowerCC32XX_restoreParkedPin  
2000f059  PowerCC32XX_getParkState      
2000f085  HwiP_create                   
2000f0b1  PRCMPeripheralClkDisable      
2000f0d9  Power_registerNotify          
2000f129  List_put                      
2000f14f  List_remove                   
2000f175  HwiP_dispatch                 
2000f199  PowerCC32XX_reset             
2000f1bd  _c_int00_noargs               
2000f1e1  HwiP_destruct                 
2000f201  Power_unregisterNotify        
2000f221  RingBuf_peek                  
2000f261  PinToPadGet                   
2000f27d  SwiP_disable                  
2000f299  __TI_zero_init_nomemset       
2000f2d1  ClockP_create                 
2000f2eb  SemaphoreP_createBinary       
2000f305  resetISR                      
2000f318  resetVectorAddr               
2000f321  Power_getTransitionLatency    
2000f339  Power_idleFunc                
2000f351  UARTBusy                      
2000f369  UARTIntEnable                 
2000f381  UART_Params_init              
2000f399  __aeabi_lmul                  
2000f3b1  PRCMHIBRegRead                
2000f3c7  PRCMHIBRegWrite               
2000f3dd  SemaphoreP_create             
2000f3f3  CPUcpsid                      
2000f409  HwiP_inISR                    
2000f41d  IntVTableBaseSet              
2000f431  Power_disablePolicy           
2000f445  Power_getDependencyCount      
2000f46d  HwiP_Params_init              
2000f47f  RingBuf_construct             
2000f491  main                          
2000f4a3  Board_init                    
2000f4b3  ClockP_add                    
2000f4c3  ClockP_delete                 
2000f4d5  ClockP_getCpuFreq             
2000f4e5  ClockP_getSystemTicks         
2000f4f5  ClockP_setTicks               
2000f505  HwiP_delete                   
2000f515  HwiP_restore                  
2000f525  Power_enablePolicy            
2000f535  SemaphoreP_Params_init        
2000f555  HwiP_disable                  
2000f563  HwiP_enable                   
2000f563  NoRTOS_start                  
2000f571  RingBuf_isFull                
2000f57f  __TI_decompress_none          
2000f58d  Power_getConstraintMask       
2000f5a5  ClockP_Params_init            
2000f5af  ClockP_isActive               
2000f5b9  IntMasterDisable              
2000f5c3  UART_read                     
2000f5cd  UART_write                    
2000f5d7  malloc                        
2000f5ef  UtilsDelay                    
2000f5f5  ClockP_setTimeout             
2000f5f9  HwiP_post                     
2000f5fd  SemaphoreP_delete             
2000f601  _system_pre_init              
2000f605  C$$EXIT                       
2000f605  abort                         
2000f914  PowerCC32XX_module            
2000fa80  parkInfo                      
2000fb84  _lock                         
2000fb88  _unlock                       
2000fb94  SemaphoreP_defaultParams      
2000fb9c  HwiP_key                      
2000fba0  HwiP_swiPIntNum               
2000fba4  ClockP_tickPeriod             
2000fbac  gpioCallbackFunctions         
2000fbb0  gpioPinConfigs                
2000fd5c  PowerCC32XX_config            
2000fda0  UARTCC32XX_fxnTable           
2000fdc8  UART_defaultParams            
2000fe31  CONFIG_GPIO_LED_0_CONST       
2000fe32  CONFIG_UART_0_CONST           
2000fe33  UART_count                    
2000fe9c  GPIOCC32XX_config             
2000fefc  UART_config                   
2000ff08  outPinTypes                   
2000ff1e  inPinTypes                    
2000ff24  outPinStrengths               
2000ff30  PowerCC32XX_contextSave       
2001005c  uartCC32XXObjects0            
20010138  ClockP_ctrl                   
20010160  __TI_static_base__            
20010220  __TI_Handler_Table_Base       
2001022c  __TI_Handler_Table_Limit      
20010238  __TI_CINIT_Base               
20010248  __TI_CINIT_Limit              
ffffffff  __TI_pprof_out_hndl           
ffffffff  __TI_prof_data_size           
ffffffff  __TI_prof_data_start          
ffffffff  __binit__                     
ffffffff  __c_args__                    
ffffffff  binit                         
UNDEFED   ITM_flush                     
UNDEFED   ITM_restore                   
UNDEFED   __mpu_init                    
UNDEFED   _system_post_cinit            

[190 symbols]
